Component: Arm Compiler for Embedded 6.23 Tool: armlink [5f102400]

==============================================================================

Section Cross References

    main.o(.text.main) refers to uidiv_div0.o(.text) for __aeabi_uidiv
    main.o(.text.main) refers to delay.o(.text.delay_init) for delay_init
    main.o(.text.main) refers to uart.o(.text.UART1_Init) for UART1_Init
    main.o(.text.main) refers to i2c.o(.text.I2C1_Init) for I2C1_Init
    main.o(.text.main) refers to led.o(.text.LED_Init) for LED_Init
    main.o(.text.main) refers to key.o(.text.key_init) for key_init
    main.o(.text.main) refers to delay.o(.text.delay_ms) for delay_ms
    main.o(.text.main) refers to sc8886.o(.text.sc8886_init) for sc8886_init
    main.o(.text.main) refers to tim.o(.text.TIM1_Init) for TIM1_Init
    main.o(.text.main) refers to printfa.o(i.__0printf) for __2printf
    main.o(.text.main) refers to system_stm32f0xx.o(.data.SystemCoreClock) for SystemCoreClock
    main.o(.ARM.exidx.text.main) refers to main.o(.text.main) for [Anonymous Symbol]
    isr.o(.text.EXTI4_15_IRQHandler) refers to stm32f0xx_exti.o(.text.EXTI_GetITStatus) for EXTI_GetITStatus
    isr.o(.text.EXTI4_15_IRQHandler) refers to puts.o(i.puts) for puts
    isr.o(.text.EXTI4_15_IRQHandler) refers to stm32f0xx_exti.o(.text.EXTI_ClearITPendingBit) for EXTI_ClearITPendingBit
    isr.o(.ARM.exidx.text.EXTI4_15_IRQHandler) refers to isr.o(.text.EXTI4_15_IRQHandler) for [Anonymous Symbol]
    isr.o(.text.TIM1_BRK_UP_TRG_COM_IRQHandler) refers to stm32f0xx_tim.o(.text.TIM_GetITStatus) for TIM_GetITStatus
    isr.o(.text.TIM1_BRK_UP_TRG_COM_IRQHandler) refers to husb238.o(.text.husb238_read_all_reg) for husb238_read_all_reg
    isr.o(.text.TIM1_BRK_UP_TRG_COM_IRQHandler) refers to husb238.o(.text.husb238_analysis) for husb238_analysis
    isr.o(.text.TIM1_BRK_UP_TRG_COM_IRQHandler) refers to husb238.o(.text.husb238_require_highest_voltage) for husb238_require_highest_voltage
    isr.o(.text.TIM1_BRK_UP_TRG_COM_IRQHandler) refers to fmul.o(.text) for __aeabi_fmul
    isr.o(.text.TIM1_BRK_UP_TRG_COM_IRQHandler) refers to ffixi.o(.text) for __aeabi_f2iz
    isr.o(.text.TIM1_BRK_UP_TRG_COM_IRQHandler) refers to sc8886.o(.text.sc8886_set_iin) for sc8886_set_iin
    isr.o(.text.TIM1_BRK_UP_TRG_COM_IRQHandler) refers to sc8886.o(.text.sc8886_adc_read) for sc8886_adc_read
    isr.o(.text.TIM1_BRK_UP_TRG_COM_IRQHandler) refers to stm32f0xx_tim.o(.text.TIM_ClearITPendingBit) for TIM_ClearITPendingBit
    isr.o(.text.TIM1_BRK_UP_TRG_COM_IRQHandler) refers to husb238.o(.bss.pd_voltage) for pd_voltage
    isr.o(.text.TIM1_BRK_UP_TRG_COM_IRQHandler) refers to husb238.o(.bss.current_5V) for current_5V
    isr.o(.text.TIM1_BRK_UP_TRG_COM_IRQHandler) refers to husb238.o(.bss.pd_current) for pd_current
    isr.o(.ARM.exidx.text.TIM1_BRK_UP_TRG_COM_IRQHandler) refers to isr.o(.text.TIM1_BRK_UP_TRG_COM_IRQHandler) for [Anonymous Symbol]
    isr.o(.text.EXTI0_1_IRQHandler) refers to delay.o(.text.delay_ms) for delay_ms
    isr.o(.text.EXTI0_1_IRQHandler) refers to stm32f0xx_exti.o(.text.EXTI_GetITStatus) for EXTI_GetITStatus
    isr.o(.text.EXTI0_1_IRQHandler) refers to husb238.o(.text.show_adapter_info) for show_adapter_info
    isr.o(.text.EXTI0_1_IRQHandler) refers to f2d.o(.text) for __aeabi_f2d
    isr.o(.text.EXTI0_1_IRQHandler) refers to printfa.o(i.__0printf) for __2printf
    isr.o(.text.EXTI0_1_IRQHandler) refers to stm32f0xx_exti.o(.text.EXTI_ClearITPendingBit) for EXTI_ClearITPendingBit
    isr.o(.text.EXTI0_1_IRQHandler) refers to sc8886.o(.bss.VSYS) for VSYS
    isr.o(.text.EXTI0_1_IRQHandler) refers to sc8886.o(.bss.VBAT) for VBAT
    isr.o(.text.EXTI0_1_IRQHandler) refers to sc8886.o(.bss.IIN) for IIN
    isr.o(.text.EXTI0_1_IRQHandler) refers to sc8886.o(.bss.ICHG) for ICHG
    isr.o(.text.EXTI0_1_IRQHandler) refers to sc8886.o(.bss.IDCHG) for IDCHG
    isr.o(.text.EXTI0_1_IRQHandler) refers to sc8886.o(.bss.CMP_IN) for CMP_IN
    isr.o(.text.EXTI0_1_IRQHandler) refers to sc8886.o(.bss.VBUS) for VBUS
    isr.o(.text.EXTI0_1_IRQHandler) refers to isr.o(.rodata.str1.1) for [Anonymous Symbol]
    isr.o(.ARM.exidx.text.EXTI0_1_IRQHandler) refers to isr.o(.text.EXTI0_1_IRQHandler) for [Anonymous Symbol]
    startup_stm32f030.o(RESET) refers to startup_stm32f030.o(STACK) for __initial_sp
    startup_stm32f030.o(RESET) refers to startup_stm32f030.o(.text) for Reset_Handler
    startup_stm32f030.o(RESET) refers to isr.o(.text.EXTI0_1_IRQHandler) for EXTI0_1_IRQHandler
    startup_stm32f030.o(RESET) refers to isr.o(.text.EXTI4_15_IRQHandler) for EXTI4_15_IRQHandler
    startup_stm32f030.o(RESET) refers to isr.o(.text.TIM1_BRK_UP_TRG_COM_IRQHandler) for TIM1_BRK_UP_TRG_COM_IRQHandler
    startup_stm32f030.o(RESET) refers to uart.o(.text.USART1_IRQHandler) for USART1_IRQHandler
    startup_stm32f030.o(.text) refers to system_stm32f0xx.o(.text.SystemInit) for SystemInit
    startup_stm32f030.o(.text) refers to entry.o(.ARM.Collect$$$$00000000) for __main
[...]
    Removing stm32f0xx_spi.o(.ARM.exidx.text.SPI_I2S_ClearFlag), (8 bytes).
    Removing stm32f0xx_spi.o(.text.SPI_I2S_GetITStatus), (26 bytes).
    Removing stm32f0xx_spi.o(.ARM.exidx.text.SPI_I2S_GetITStatus), (8 bytes).
    Removing stm32f0xx_syscfg.o(.text), (0 bytes).
    Removing stm32f0xx_syscfg.o(.text.SYSCFG_DeInit), (36 bytes).
    Removing stm32f0xx_syscfg.o(.ARM.exidx.text.SYSCFG_DeInit), (8 bytes).
    Removing stm32f0xx_syscfg.o(.text.SYSCFG_MemoryRemapConfig), (20 bytes).
    Removing stm32f0xx_syscfg.o(.ARM.exidx.text.SYSCFG_MemoryRemapConfig), (8 bytes).
    Removing stm32f0xx_syscfg.o(.text.SYSCFG_DMAChannelRemapConfig), (28 bytes).
    Removing stm32f0xx_syscfg.o(.ARM.exidx.text.SYSCFG_DMAChannelRemapConfig), (8 bytes).
    Removing stm32f0xx_syscfg.o(.text.SYSCFG_I2CFastModePlusConfig), (28 bytes).
    Removing stm32f0xx_syscfg.o(.ARM.exidx.text.SYSCFG_I2CFastModePlusConfig), (8 bytes).
    Removing stm32f0xx_syscfg.o(.text.SYSCFG_IRDAEnvSelection), (24 bytes).
    Removing stm32f0xx_syscfg.o(.ARM.exidx.text.SYSCFG_IRDAEnvSelection), (8 bytes).
    Removing stm32f0xx_syscfg.o(.ARM.exidx.text.SYSCFG_EXTILineConfig), (8 bytes).
    Removing stm32f0xx_syscfg.o(.text.SYSCFG_GetPendingIT), (24 bytes).
    Removing stm32f0xx_syscfg.o(.ARM.exidx.text.SYSCFG_GetPendingIT), (8 bytes).
    Removing stm32f0xx_syscfg.o(.text.SYSCFG_BreakConfig), (16 bytes).
    Removing stm32f0xx_syscfg.o(.ARM.exidx.text.SYSCFG_BreakConfig), (8 bytes).
    Removing stm32f0xx_syscfg.o(.text.SYSCFG_GetFlagStatus), (16 bytes).
    Removing stm32f0xx_syscfg.o(.ARM.exidx.text.SYSCFG_GetFlagStatus), (8 bytes).
    Removing stm32f0xx_syscfg.o(.text.SYSCFG_ClearFlag), (16 bytes).
    Removing stm32f0xx_syscfg.o(.ARM.exidx.text.SYSCFG_ClearFlag), (8 bytes).
    Removing stm32f0xx_tim.o(.text), (0 bytes).
    Removing stm32f0xx_tim.o(.text.TIM_DeInit), (200 bytes).
    Removing stm32f0xx_tim.o(.ARM.exidx.text.TIM_DeInit), (8 bytes).
    Removing stm32f0xx_tim.o(.ARM.exidx.text.TIM_TimeBaseInit), (8 bytes).
    Removing stm32f0xx_tim.o(.text.TIM_TimeBaseStructInit), (12 bytes).
    Removing stm32f0xx_tim.o(.ARM.exidx.text.TIM_TimeBaseStructInit), (8 bytes).
    Removing stm32f0xx_tim.o(.text.TIM_PrescalerConfig), (6 bytes).
    Removing stm32f0xx_tim.o(.ARM.exidx.text.TIM_PrescalerConfig), (8 bytes).
    Removing stm32f0xx_tim.o(.text.TIM_CounterModeConfig), (12 bytes).
    Removing stm32f0xx_tim.o(.ARM.exidx.text.TIM_CounterModeConfig), (8 bytes).
    Removing stm32f0xx_tim.o(.text.TIM_SetCounter), (4 bytes).
    Removing stm32f0xx_tim.o(.ARM.exidx.text.TIM_SetCounter), (8 bytes).
    Removing stm32f0xx_tim.o(.text.TIM_SetAutoreload), (4 bytes).
    Removing stm32f0xx_tim.o(.ARM.exidx.text.TIM_SetAutoreload), (8 bytes).
    Removing stm32f0xx_tim.o(.text.TIM_GetCounter), (4 bytes).
    Removing stm32f0xx_tim.o(.ARM.exidx.text.TIM_GetCounter), (8 bytes).
    Removing stm32f0xx_tim.o(.text.TIM_GetPrescaler), (4 bytes).
    Removing stm32f0xx_tim.o(.ARM.exidx.text.TIM_GetPrescaler), (8 bytes).
    Removing stm32f0xx_tim.o(.text.TIM_UpdateDisableConfig), (18 bytes).
    Removing stm32f0xx_tim.o(.ARM.exidx.text.TIM_UpdateDisableConfig), (8 bytes).
    Removing stm32f0xx_tim.o(.text.TIM_UpdateRequestConfig), (18 bytes).
    Removing stm32f0xx_tim.o(.ARM.exidx.text.TIM_UpdateRequestConfig), (8 bytes).
    Removing stm32f0xx_tim.o(.text.TIM_ARRPreloadConfig), (18 bytes).
    Removing stm32f0xx_tim.o(.ARM.exidx.text.TIM_ARRPreloadConfig), (8 bytes).
    Removing stm32f0xx_tim.o(.text.TIM_SelectOnePulseMode), (16 bytes).
    Removing stm32f0xx_tim.o(.ARM.exidx.text.TIM_SelectOnePulseMode), (8 bytes).
    Removing stm32f0xx_tim.o(.text.TIM_SetClockDivision), (20 bytes).
    Removing stm32f0xx_tim.o(.ARM.exidx.text.TIM_SetClockDivision), (8 bytes).
    Removing stm32f0xx_tim.o(.ARM.exidx.text.TIM_Cmd), (8 bytes).
    Removing stm32f0xx_tim.o(.text.TIM_BDTRConfig), (32 bytes).
    Removing stm32f0xx_tim.o(.ARM.exidx.text.TIM_BDTRConfig), (8 bytes).
    Removing stm32f0xx_tim.o(.text.TIM_BDTRStructInit), (18 bytes).
    Removing stm32f0xx_tim.o(.ARM.exidx.text.TIM_BDTRStructInit), (8 bytes).
    Removing stm32f0xx_tim.o(.text.TIM_CtrlPWMOutputs), (28 bytes).
    Removing stm32f0xx_tim.o(.ARM.exidx.text.TIM_CtrlPWMOutputs), (8 bytes).
    Removing stm32f0xx_tim.o(.text.TIM_OC1Init), (104 bytes).
    Removing stm32f0xx_tim.o(.ARM.exidx.text.TIM_OC1Init), (8 bytes).
    Removing stm32f0xx_tim.o(.text.TIM_OC2Init), (132 bytes).
    Removing stm32f0xx_tim.o(.ARM.exidx.text.TIM_OC2Init), (8 bytes).
    Removing stm32f0xx_tim.o(.text.TIM_OC3Init), (116 bytes).
    Removing stm32f0xx_tim.o(.ARM.exidx.text.TIM_OC3Init), (8 bytes).
    Removing stm32f0xx_tim.o(.text.TIM_OC4Init), (100 bytes).
    Removing stm32f0xx_tim.o(.ARM.exidx.text.TIM_OC4Init), (8 bytes).
    Removing stm32f0xx_tim.o(.text.TIM_OCStructInit), (14 bytes).
    Removing stm32f0xx_tim.o(.ARM.exidx.text.TIM_OCStructInit), (8 bytes).
    Removing stm32f0xx_tim.o(.text.TIM_SelectOCxM), (66 bytes).
    Removing stm32f0xx_tim.o(.ARM.exidx.text.TIM_SelectOCxM), (8 bytes).
    Removing stm32f0xx_tim.o(.text.TIM_SetCompare1), (4 bytes).
    Removing stm32f0xx_tim.o(.ARM.exidx.text.TIM_SetCompare1), (8 bytes).
    Removing stm32f0xx_tim.o(.text.TIM_SetCompare2), (4 bytes).
    Removing stm32f0xx_tim.o(.ARM.exidx.text.TIM_SetCompare2), (8 bytes).
    Removing stm32f0xx_tim.o(.text.TIM_SetCompare3), (4 bytes).
    Removing stm32f0xx_tim.o(.ARM.exidx.text.TIM_SetCompare3), (8 bytes).
    Removing stm32f0xx_tim.o(.text.TIM_SetCompare4), (4 bytes).
    Removing stm32f0xx_tim.o(.ARM.exidx.text.TIM_SetCompare4), (8 bytes).
    Removing stm32f0xx_tim.o(.text.TIM_ForcedOC1Config), (12 bytes).
    Removing stm32f0xx_tim.o(.ARM.exidx.text.TIM_ForcedOC1Config), (8 bytes).
    Removing stm32f0xx_tim.o(.text.TIM_ForcedOC2Config), (20 bytes).
    Removing stm32f0xx_tim.o(.ARM.exidx.text.TIM_ForcedOC2Config), (8 bytes).
    Removing stm32f0xx_tim.o(.text.TIM_ForcedOC3Config), (12 bytes).
    Removing stm32f0xx_tim.o(.ARM.exidx.text.TIM_ForcedOC3Config), (8 bytes).
    Removing stm32f0xx_tim.o(.text.TIM_ForcedOC4Config), (20 bytes).
    Removing stm32f0xx_tim.o(.ARM.exidx.text.TIM_ForcedOC4Config), (8 bytes).
    Removing stm32f0xx_tim.o(.text.TIM_CCPreloadControl), (16 bytes).
    Removing stm32f0xx_tim.o(.ARM.exidx.text.TIM_CCPreloadControl), (8 bytes).
    Removing stm32f0xx_tim.o(.text.TIM_OC1PreloadConfig), (12 bytes).
    Removing stm32f0xx_tim.o(.ARM.exidx.text.TIM_OC1PreloadConfig), (8 bytes).
    Removing stm32f0xx_tim.o(.text.TIM_OC2PreloadConfig), (20 bytes).
    Removing stm32f0xx_tim.o(.ARM.exidx.text.TIM_OC2PreloadConfig), (8 bytes).
    Removing stm32f0xx_tim.o(.text.TIM_OC3PreloadConfig), (12 bytes).
    Removing stm32f0xx_tim.o(.ARM.exidx.text.TIM_OC3PreloadConfig), (8 bytes).
    Removing stm32f0xx_tim.o(.text.TIM_OC4PreloadConfig), (20 bytes).
    Removing stm32f0xx_tim.o(.ARM.exidx.text.TIM_OC4PreloadConfig), (8 bytes).
    Removing stm32f0xx_tim.o(.text.TIM_OC1FastConfig), (12 bytes).
    Removing stm32f0xx_tim.o(.ARM.exidx.text.TIM_OC1FastConfig), (8 bytes).
    Removing stm32f0xx_tim.o(.text.TIM_OC2FastConfig), (20 bytes).
    Removing stm32f0xx_tim.o(.ARM.exidx.text.TIM_OC2FastConfig), (8 bytes).
    Removing stm32f0xx_tim.o(.text.TIM_OC3FastConfig), (12 bytes).
    Removing stm32f0xx_tim.o(.ARM.exidx.text.TIM_OC3FastConfig), (8 bytes).
    Removing stm32f0xx_tim.o(.text.TIM_OC4FastConfig), (20 bytes).
    Removing stm32f0xx_tim.o(.ARM.exidx.text.TIM_OC4FastConfig), (8 bytes).
    Removing stm32f0xx_tim.o(.text.TIM_ClearOC1Ref), (12 bytes).
    Removing stm32f0xx_tim.o(.ARM.exidx.text.TIM_ClearOC1Ref), (8 bytes).
    Removing stm32f0xx_tim.o(.text.TIM_ClearOC2Ref), (20 bytes).
    Removing stm32f0xx_tim.o(.ARM.exidx.text.TIM_ClearOC2Ref), (8 bytes).
    Removing stm32f0xx_tim.o(.text.TIM_ClearOC3Ref), (12 bytes).
    Removing stm32f0xx_tim.o(.ARM.exidx.text.TIM_ClearOC3Ref), (8 bytes).
    Removing stm32f0xx_tim.o(.text.TIM_ClearOC4Ref), (20 bytes).
    Removing stm32f0xx_tim.o(.ARM.exidx.text.TIM_ClearOC4Ref), (8 bytes).
    Removing stm32f0xx_tim.o(.text.TIM_OC1PolarityConfig), (12 bytes).
    Removing stm32f0xx_tim.o(.ARM.exidx.text.TIM_OC1PolarityConfig), (8 bytes).
    Removing stm32f0xx_tim.o(.text.TIM_OC1NPolarityConfig), (12 bytes).
    Removing stm32f0xx_tim.o(.ARM.exidx.text.TIM_OC1NPolarityConfig), (8 bytes).
    Removing stm32f0xx_tim.o(.text.TIM_OC2PolarityConfig), (14 bytes).
    Removing stm32f0xx_tim.o(.ARM.exidx.text.TIM_OC2PolarityConfig), (8 bytes).
    Removing stm32f0xx_tim.o(.text.TIM_OC2NPolarityConfig), (14 bytes).
    Removing stm32f0xx_tim.o(.ARM.exidx.text.TIM_OC2NPolarityConfig), (8 bytes).
    Removing stm32f0xx_tim.o(.text.TIM_OC3PolarityConfig), (20 bytes).
    Removing stm32f0xx_tim.o(.ARM.exidx.text.TIM_OC3PolarityConfig), (8 bytes).
    Removing stm32f0xx_tim.o(.text.TIM_OC3NPolarityConfig), (20 bytes).
    Removing stm32f0xx_tim.o(.ARM.exidx.text.TIM_OC3NPolarityConfig), (8 bytes).
    Removing stm32f0xx_tim.o(.text.TIM_OC4PolarityConfig), (20 bytes).
    Removing stm32f0xx_tim.o(.ARM.exidx.text.TIM_OC4PolarityConfig), (8 bytes).
    Removing stm32f0xx_tim.o(.text.TIM_SelectOCREFClear), (16 bytes).
    Removing stm32f0xx_tim.o(.ARM.exidx.text.TIM_SelectOCREFClear), (8 bytes).
    Removing stm32f0xx_tim.o(.text.TIM_CCxCmd), (22 bytes).
    Removing stm32f0xx_tim.o(.ARM.exidx.text.TIM_CCxCmd), (8 bytes).
    Removing stm32f0xx_tim.o(.text.TIM_CCxNCmd), (22 bytes).
    Removing stm32f0xx_tim.o(.ARM.exidx.text.TIM_CCxNCmd), (8 bytes).
    Removing stm32f0xx_tim.o(.text.TIM_SelectCOM), (18 bytes).
    Removing stm32f0xx_tim.o(.ARM.exidx.text.TIM_SelectCOM), (8 bytes).
    Removing stm32f0xx_tim.o(.text.TIM_ICInit), (256 bytes).
    Removing stm32f0xx_tim.o(.ARM.exidx.text.TIM_ICInit), (8 bytes).
    Removing stm32f0xx_tim.o(.text.TIM_SetIC1Prescaler), (16 bytes).
    Removing stm32f0xx_tim.o(.ARM.exidx.text.TIM_SetIC1Prescaler), (8 bytes).
    Removing stm32f0xx_tim.o(.text.TIM_SetIC2Prescaler), (24 bytes).
    Removing stm32f0xx_tim.o(.ARM.exidx.text.TIM_SetIC2Prescaler), (8 bytes).
    Removing stm32f0xx_tim.o(.text.TIM_SetIC3Prescaler), (16 bytes).
    Removing stm32f0xx_tim.o(.ARM.exidx.text.TIM_SetIC3Prescaler), (8 bytes).
    Removing stm32f0xx_tim.o(.text.TIM_SetIC4Prescaler), (24 bytes).
    Removing stm32f0xx_tim.o(.ARM.exidx.text.TIM_SetIC4Prescaler), (8 bytes).
    Removing stm32f0xx_tim.o(.text.TIM_ICStructInit), (16 bytes).
    Removing stm32f0xx_tim.o(.ARM.exidx.text.TIM_ICStructInit), (8 bytes).
    Removing stm32f0xx_tim.o(.text.TIM_PWMIConfig), (264 bytes).
    Removing stm32f0xx_tim.o(.ARM.exidx.text.TIM_PWMIConfig), (8 bytes).
    Removing stm32f0xx_tim.o(.text.TIM_GetCapture1), (4 bytes).
    Removing stm32f0xx_tim.o(.ARM.exidx.text.TIM_GetCapture1), (8 bytes).
    Removing stm32f0xx_tim.o(.text.TIM_GetCapture2), (4 bytes).
    Removing stm32f0xx_tim.o(.ARM.exidx.text.TIM_GetCapture2), (8 bytes).
    Removing stm32f0xx_tim.o(.text.TIM_GetCapture3), (4 bytes).
    Removing stm32f0xx_tim.o(.ARM.exidx.text.TIM_GetCapture3), (8 bytes).
    Removing stm32f0xx_tim.o(.text.TIM_GetCapture4), (4 bytes).
    Removing stm32f0xx_tim.o(.ARM.exidx.text.TIM_GetCapture4), (8 bytes).
    Removing stm32f0xx_tim.o(.ARM.exidx.text.TIM_ITConfig), (8 bytes).
    Removing stm32f0xx_tim.o(.text.TIM_GenerateEvent), (4 bytes).
    Removing stm32f0xx_tim.o(.ARM.exidx.text.TIM_GenerateEvent), (8 bytes).
    Removing stm32f0xx_tim.o(.text.TIM_GetFlagStatus), (10 bytes).
    Removing stm32f0xx_tim.o(.ARM.exidx.text.TIM_GetFlagStatus), (8 bytes).
    Removing stm32f0xx_tim.o(.text.TIM_ClearFlag), (6 bytes).
    Removing stm32f0xx_tim.o(.ARM.exidx.text.TIM_ClearFlag), (8 bytes).
    Removing stm32f0xx_tim.o(.ARM.exidx.text.TIM_GetITStatus), (8 bytes).
    Removing stm32f0xx_tim.o(.ARM.exidx.text.TIM_ClearITPendingBit), (8 bytes).
    Removing stm32f0xx_tim.o(.text.TIM_DMAConfig), (8 bytes).
    Removing stm32f0xx_tim.o(.ARM.exidx.text.TIM_DMAConfig), (8 bytes).
    Removing stm32f0xx_tim.o(.text.TIM_DMACmd), (20 bytes).
    Removing stm32f0xx_tim.o(.ARM.exidx.text.TIM_DMACmd), (8 bytes).
    Removing stm32f0xx_tim.o(.text.TIM_SelectCCDMA), (18 bytes).
    Removing stm32f0xx_tim.o(.ARM.exidx.text.TIM_SelectCCDMA), (8 bytes).
    Removing stm32f0xx_tim.o(.text.TIM_InternalClockConfig), (10 bytes).
    Removing stm32f0xx_tim.o(.ARM.exidx.text.TIM_InternalClockConfig), (8 bytes).
    Removing stm32f0xx_tim.o(.text.TIM_ITRxExternalClockConfig), (20 bytes).
    Removing stm32f0xx_tim.o(.ARM.exidx.text.TIM_ITRxExternalClockConfig), (8 bytes).
    Removing stm32f0xx_tim.o(.text.TIM_SelectInputTrigger), (12 bytes).
    Removing stm32f0xx_tim.o(.ARM.exidx.text.TIM_SelectInputTrigger), (8 bytes).
    Removing stm32f0xx_tim.o(.text.TIM_TIxExternalClockConfig), (96 bytes).
    Removing stm32f0xx_tim.o(.ARM.exidx.text.TIM_TIxExternalClockConfig), (8 bytes).
    Removing stm32f0xx_tim.o(.text.TIM_ETRClockMode1Config), (24 bytes).
    Removing stm32f0xx_tim.o(.ARM.exidx.text.TIM_ETRClockMode1Config), (8 bytes).
    Removing stm32f0xx_tim.o(.text.TIM_ETRConfig), (16 bytes).
    Removing stm32f0xx_tim.o(.ARM.exidx.text.TIM_ETRConfig), (8 bytes).
    Removing stm32f0xx_tim.o(.text.TIM_ETRClockMode2Config), (26 bytes).
    Removing stm32f0xx_tim.o(.ARM.exidx.text.TIM_ETRClockMode2Config), (8 bytes).
    Removing stm32f0xx_tim.o(.text.TIM_SelectOutputTrigger), (16 bytes).
    Removing stm32f0xx_tim.o(.ARM.exidx.text.TIM_SelectOutputTrigger), (8 bytes).
    Removing stm32f0xx_tim.o(.text.TIM_SelectSlaveMode), (16 bytes).
    Removing stm32f0xx_tim.o(.ARM.exidx.text.TIM_SelectSlaveMode), (8 bytes).
    Removing stm32f0xx_tim.o(.text.TIM_SelectMasterSlaveMode), (16 bytes).
    Removing stm32f0xx_tim.o(.ARM.exidx.text.TIM_SelectMasterSlaveMode), (8 bytes).
    Removing stm32f0xx_tim.o(.text.TIM_EncoderInterfaceConfig), (48 bytes).
    Removing stm32f0xx_tim.o(.ARM.exidx.text.TIM_EncoderInterfaceConfig), (8 bytes).
    Removing stm32f0xx_tim.o(.text.TIM_SelectHallSensor), (18 bytes).
    Removing stm32f0xx_tim.o(.ARM.exidx.text.TIM_SelectHallSensor), (8 bytes).
    Removing stm32f0xx_tim.o(.text.TIM_RemapConfig), (6 bytes).
    Removing stm32f0xx_tim.o(.ARM.exidx.text.TIM_RemapConfig), (8 bytes).
    Removing stm32f0xx_usart.o(.text), (0 bytes).
    Removing stm32f0xx_usart.o(.text.USART_DeInit), (184 bytes).
    Removing stm32f0xx_usart.o(.ARM.exidx.text.USART_DeInit), (8 bytes).
    Removing stm32f0xx_usart.o(.ARM.exidx.text.USART_Init), (8 bytes).
    Removing stm32f0xx_usart.o(.text.USART_StructInit), (22 bytes).
    Removing stm32f0xx_usart.o(.ARM.exidx.text.USART_StructInit), (8 bytes).
    Removing stm32f0xx_usart.o(.text.USART_ClockInit), (26 bytes).
    Removing stm32f0xx_usart.o(.ARM.exidx.text.USART_ClockInit), (8 bytes).
    Removing stm32f0xx_usart.o(.text.USART_ClockStructInit), (12 bytes).
    Removing stm32f0xx_usart.o(.ARM.exidx.text.USART_ClockStructInit), (8 bytes).
    Removing stm32f0xx_usart.o(.ARM.exidx.text.USART_Cmd), (8 bytes).
    Removing stm32f0xx_usart.o(.text.USART_DirectionModeCmd), (20 bytes).
    Removing stm32f0xx_usart.o(.ARM.exidx.text.USART_DirectionModeCmd), (8 bytes).
    Removing stm32f0xx_usart.o(.text.USART_OverSampling8Cmd), (20 bytes).
    Removing stm32f0xx_usart.o(.ARM.exidx.text.USART_OverSampling8Cmd), (8 bytes).
    Removing stm32f0xx_usart.o(.text.USART_OneBitMethodCmd), (20 bytes).
    Removing stm32f0xx_usart.o(.ARM.exidx.text.USART_OneBitMethodCmd), (8 bytes).
    Removing stm32f0xx_usart.o(.text.USART_MSBFirstCmd), (20 bytes).
    Removing stm32f0xx_usart.o(.ARM.exidx.text.USART_MSBFirstCmd), (8 bytes).
    Removing stm32f0xx_usart.o(.text.USART_DataInvCmd), (20 bytes).
    Removing stm32f0xx_usart.o(.ARM.exidx.text.USART_DataInvCmd), (8 bytes).
    Removing stm32f0xx_usart.o(.text.USART_InvPinCmd), (20 bytes).
    Removing stm32f0xx_usart.o(.ARM.exidx.text.USART_InvPinCmd), (8 bytes).
    Removing stm32f0xx_usart.o(.text.USART_SWAPPinCmd), (20 bytes).
    Removing stm32f0xx_usart.o(.ARM.exidx.text.USART_SWAPPinCmd), (8 bytes).
    Removing stm32f0xx_usart.o(.text.USART_ReceiverTimeOutCmd), (20 bytes).
    Removing stm32f0xx_usart.o(.ARM.exidx.text.USART_ReceiverTimeOutCmd), (8 bytes).
    Removing stm32f0xx_usart.o(.text.USART_SetReceiverTimeOut), (18 bytes).
    Removing stm32f0xx_usart.o(.ARM.exidx.text.USART_SetReceiverTimeOut), (8 bytes).
    Removing stm32f0xx_usart.o(.text.USART_SetPrescaler), (16 bytes).
    Removing stm32f0xx_usart.o(.ARM.exidx.text.USART_SetPrescaler), (8 bytes).
    Removing stm32f0xx_usart.o(.text.USART_STOPModeCmd), (18 bytes).
    Removing stm32f0xx_usart.o(.ARM.exidx.text.USART_STOPModeCmd), (8 bytes).
    Removing stm32f0xx_usart.o(.text.USART_StopModeWakeUpSourceConfig), (18 bytes).
    Removing stm32f0xx_usart.o(.ARM.exidx.text.USART_StopModeWakeUpSourceConfig), (8 bytes).
    Removing stm32f0xx_usart.o(.text.USART_AutoBaudRateCmd), (20 bytes).
    Removing stm32f0xx_usart.o(.ARM.exidx.text.USART_AutoBaudRateCmd), (8 bytes).
    Removing stm32f0xx_usart.o(.text.USART_AutoBaudRateConfig), (18 bytes).
    Removing stm32f0xx_usart.o(.ARM.exidx.text.USART_AutoBaudRateConfig), (8 bytes).
    Removing stm32f0xx_usart.o(.text.USART_SendData), (12 bytes).
    Removing stm32f0xx_usart.o(.ARM.exidx.text.USART_SendData), (8 bytes).
    Removing stm32f0xx_usart.o(.text.USART_ReceiveData), (12 bytes).
    Removing stm32f0xx_usart.o(.ARM.exidx.text.USART_ReceiveData), (8 bytes).
    Removing stm32f0xx_usart.o(.text.USART_SetAddress), (20 bytes).
    Removing stm32f0xx_usart.o(.ARM.exidx.text.USART_SetAddress), (8 bytes).
    Removing stm32f0xx_usart.o(.text.USART_MuteModeCmd), (20 bytes).
    Removing stm32f0xx_usart.o(.ARM.exidx.text.USART_MuteModeCmd), (8 bytes).
    Removing stm32f0xx_usart.o(.text.USART_MuteModeWakeUpConfig), (18 bytes).
    Removing stm32f0xx_usart.o(.ARM.exidx.text.USART_MuteModeWakeUpConfig), (8 bytes).
    Removing stm32f0xx_usart.o(.text.USART_AddressDetectionConfig), (16 bytes).
    Removing stm32f0xx_usart.o(.ARM.exidx.text.USART_AddressDetectionConfig), (8 bytes).
    Removing stm32f0xx_usart.o(.text.USART_LINBreakDetectLengthConfig), (16 bytes).
    Removing stm32f0xx_usart.o(.ARM.exidx.text.USART_LINBreakDetectLengthConfig), (8 bytes).
    Removing stm32f0xx_usart.o(.text.USART_LINCmd), (20 bytes).
    Removing stm32f0xx_usart.o(.ARM.exidx.text.USART_LINCmd), (8 bytes).
    Removing stm32f0xx_usart.o(.text.USART_HalfDuplexCmd), (18 bytes).
    Removing stm32f0xx_usart.o(.ARM.exidx.text.USART_HalfDuplexCmd), (8 bytes).
    Removing stm32f0xx_usart.o(.text.USART_SetGuardTime), (16 bytes).
    Removing stm32f0xx_usart.o(.ARM.exidx.text.USART_SetGuardTime), (8 bytes).
    Removing stm32f0xx_usart.o(.text.USART_SmartCardCmd), (18 bytes).
    Removing stm32f0xx_usart.o(.ARM.exidx.text.USART_SmartCardCmd), (8 bytes).
    Removing stm32f0xx_usart.o(.text.USART_SmartCardNACKCmd), (18 bytes).
    Removing stm32f0xx_usart.o(.ARM.exidx.text.USART_SmartCardNACKCmd), (8 bytes).
    Removing stm32f0xx_usart.o(.text.USART_SetAutoRetryCount), (20 bytes).
    Removing stm32f0xx_usart.o(.ARM.exidx.text.USART_SetAutoRetryCount), (8 bytes).
    Removing stm32f0xx_usart.o(.text.USART_SetBlockLength), (20 bytes).
    Removing stm32f0xx_usart.o(.ARM.exidx.text.USART_SetBlockLength), (8 bytes).
    Removing stm32f0xx_usart.o(.text.USART_IrDAConfig), (16 bytes).
    Removing stm32f0xx_usart.o(.ARM.exidx.text.USART_IrDAConfig), (8 bytes).
    Removing stm32f0xx_usart.o(.text.USART_IrDACmd), (18 bytes).
    Removing stm32f0xx_usart.o(.ARM.exidx.text.USART_IrDACmd), (8 bytes).
    Removing stm32f0xx_usart.o(.text.USART_DECmd), (20 bytes).
    Removing stm32f0xx_usart.o(.ARM.exidx.text.USART_DECmd), (8 bytes).
    Removing stm32f0xx_usart.o(.text.USART_DEPolarityConfig), (18 bytes).
    Removing stm32f0xx_usart.o(.ARM.exidx.text.USART_DEPolarityConfig), (8 bytes).
    Removing stm32f0xx_usart.o(.text.USART_SetDEAssertionTime), (20 bytes).
    Removing stm32f0xx_usart.o(.ARM.exidx.text.USART_SetDEAssertionTime), (8 bytes).
    Removing stm32f0xx_usart.o(.text.USART_SetDEDeassertionTime), (20 bytes).
    Removing stm32f0xx_usart.o(.ARM.exidx.text.USART_SetDEDeassertionTime), (8 bytes).
    Removing stm32f0xx_usart.o(.text.USART_DMACmd), (20 bytes).
    Removing stm32f0xx_usart.o(.ARM.exidx.text.USART_DMACmd), (8 bytes).
    Removing stm32f0xx_usart.o(.text.USART_DMAReceptionErrorConfig), (18 bytes).
    Removing stm32f0xx_usart.o(.ARM.exidx.text.USART_DMAReceptionErrorConfig), (8 bytes).
    Removing stm32f0xx_usart.o(.ARM.exidx.text.USART_ITConfig), (8 bytes).
    Removing stm32f0xx_usart.o(.text.USART_RequestCmd), (18 bytes).
    Removing stm32f0xx_usart.o(.ARM.exidx.text.USART_RequestCmd), (8 bytes).
    Removing stm32f0xx_usart.o(.text.USART_OverrunDetectionConfig), (18 bytes).
    Removing stm32f0xx_usart.o(.ARM.exidx.text.USART_OverrunDetectionConfig), (8 bytes).
    Removing stm32f0xx_usart.o(.text.USART_GetFlagStatus), (10 bytes).
    Removing stm32f0xx_usart.o(.ARM.exidx.text.USART_GetFlagStatus), (8 bytes).
    Removing stm32f0xx_usart.o(.text.USART_ClearFlag), (4 bytes).
    Removing stm32f0xx_usart.o(.ARM.exidx.text.USART_ClearFlag), (8 bytes).
    Removing stm32f0xx_usart.o(.text.USART_GetITStatus), (50 bytes).
    Removing stm32f0xx_usart.o(.ARM.exidx.text.USART_GetITStatus), (8 bytes).
    Removing stm32f0xx_usart.o(.text.USART_ClearITPendingBit), (10 bytes).
    Removing stm32f0xx_usart.o(.ARM.exidx.text.USART_ClearITPendingBit), (8 bytes).
    Removing stm32f0xx_wwdg.o(.text), (0 bytes).
    Removing stm32f0xx_wwdg.o(.text.WWDG_DeInit), (22 bytes).
    Removing stm32f0xx_wwdg.o(.ARM.exidx.text.WWDG_DeInit), (8 bytes).
    Removing stm32f0xx_wwdg.o(.text.WWDG_SetPrescaler), (20 bytes).
    Removing stm32f0xx_wwdg.o(.ARM.exidx.text.WWDG_SetPrescaler), (8 bytes).
    Removing stm32f0xx_wwdg.o(.text.WWDG_SetWindowValue), (36 bytes).
    Removing stm32f0xx_wwdg.o(.ARM.exidx.text.WWDG_SetWindowValue), (8 bytes).
    Removing stm32f0xx_wwdg.o(.text.WWDG_EnableIT), (20 bytes).
    Removing stm32f0xx_wwdg.o(.ARM.exidx.text.WWDG_EnableIT), (8 bytes).
    Removing stm32f0xx_wwdg.o(.text.WWDG_SetCounter), (16 bytes).
    Removing stm32f0xx_wwdg.o(.ARM.exidx.text.WWDG_SetCounter), (8 bytes).
    Removing stm32f0xx_wwdg.o(.text.WWDG_Enable), (16 bytes).
    Removing stm32f0xx_wwdg.o(.ARM.exidx.text.WWDG_Enable), (8 bytes).
    Removing stm32f0xx_wwdg.o(.text.WWDG_GetFlagStatus), (16 bytes).
    Removing stm32f0xx_wwdg.o(.ARM.exidx.text.WWDG_GetFlagStatus), (8 bytes).
    Removing stm32f0xx_wwdg.o(.text.WWDG_ClearFlag), (12 bytes).
    Removing stm32f0xx_wwdg.o(.ARM.exidx.text.WWDG_ClearFlag), (8 bytes).
    Removing delay.o(.text), (0 bytes).
    Removing delay.o(.ARM.exidx.text.delay_init), (8 bytes).
    Removing delay.o(.text.delay_us), (56 bytes).
    Removing delay.o(.ARM.exidx.text.delay_us), (8 bytes).
    Removing delay.o(.ARM.exidx.text.delay_ms), (8 bytes).
    Removing system_stm32f0xx.o(.text), (0 bytes).
    Removing system_stm32f0xx.o(.ARM.exidx.text.SystemInit), (8 bytes).
    Removing system_stm32f0xx.o(.text.SystemCoreClockUpdate), (96 bytes).
    Removing system_stm32f0xx.o(.ARM.exidx.text.SystemCoreClockUpdate), (8 bytes).
    Removing fcmpge.o(.text), (28 bytes).
    Removing fcmpgt.o(.text), (28 bytes).

1132 unused section(s) (total 25422 bytes) removed from the image.

==============================================================================

Image Symbol Table

    Local Symbols

    Symbol Name                              Value     Ov Type        Size  Object(Section)

    ../clib/division.s                       0x00000000   Number         0  aeabi_sdivfast.o ABSOLUTE
    ../clib/division.s                       0x00000000   Number         0  aeabi_sdivfast_div0.o ABSOLUTE
    ../clib/microlib/division.c              0x00000000   Number         0  uidiv.o ABSOLUTE
    ../clib/microlib/division.c              0x00000000   Number         0  uidiv_div0.o ABSOLUTE
    ../clib/microlib/division.c              0x00000000   Number         0  idiv_div0.o ABSOLUTE
    ../clib/microlib/division.c              0x00000000   Number         0  idiv0.o ABSOLUTE
    ../clib/microlib/division.c              0x00000000   Number         0  uldiv.o ABSOLUTE
    ../clib/microlib/init/entry.s            0x00000000   Number         0  entry.o ABSOLUTE
    ../clib/microlib/init/entry.s            0x00000000   Number         0  entry2.o ABSOLUTE
    ../clib/microlib/init/entry.s            0x00000000   Number         0  entry5.o ABSOLUTE
    ../clib/microlib/init/entry.s            0x00000000   Number         0  entry7a.o ABSOLUTE
    ../clib/microlib/init/entry.s            0x00000000   Number         0  entry7b.o ABSOLUTE
    ../clib/microlib/init/entry.s            0x00000000   Number         0  entry8a.o ABSOLUTE
    ../clib/microlib/init/entry.s            0x00000000   Number         0  entry8b.o ABSOLUTE
    ../clib/microlib/init/entry.s            0x00000000   Number         0  entry9a.o ABSOLUTE
    ../clib/microlib/init/entry.s            0x00000000   Number         0  entry9b.o ABSOLUTE
    ../clib/microlib/init/entry.s            0x00000000   Number         0  entry10a.o ABSOLUTE
    ../clib/microlib/init/entry.s            0x00000000   Number         0  entry10b.o ABSOLUTE
    ../clib/microlib/init/entry.s            0x00000000   Number         0  entry11a.o ABSOLUTE
    ../clib/microlib/init/entry.s            0x00000000   Number         0  entry11b.o ABSOLUTE
    ../clib/microlib/longlong.c              0x00000000   Number         0  llshl.o ABSOLUTE
    ../clib/microlib/longlong.c              0x00000000   Number         0  llsshr.o ABSOLUTE
    ../clib/microlib/longlong.c              0x00000000   Number         0  llushr.o ABSOLUTE
    ../clib/microlib/printf/printf.c         0x00000000   Number         0  printfb.o ABSOLUTE
    ../clib/microlib/printf/printf.c         0x00000000   Number         0  printf0.o ABSOLUTE
    ../clib/microlib/printf/printf.c         0x00000000   Number         0  printf1.o ABSOLUTE
    ../clib/microlib/printf/printf.c         0x00000000   Number         0  printf2.o ABSOLUTE
    ../clib/microlib/printf/printf.c         0x00000000   Number         0  printf3.o ABSOLUTE
    ../clib/microlib/printf/printf.c         0x00000000   Number         0  printf4.o ABSOLUTE
    ../clib/microlib/printf/printf.c         0x00000000   Number         0  printf5.o ABSOLUTE
    ../clib/microlib/printf/printf.c         0x00000000   Number         0  printf6.o ABSOLUTE
    ../clib/microlib/printf/printf.c         0x00000000   Number         0  printf7.o ABSOLUTE
    ../clib/microlib/printf/printf.c         0x00000000   Number         0  printf8.o ABSOLUTE
    ../clib/microlib/printf/printf.c         0x00000000   Number         0  printfa.o ABSOLUTE
    ../clib/microlib/printf/stubs.s          0x00000000   Number         0  printfstubs.o ABSOLUTE
    ../clib/microlib/stdio/putchar.c         0x00000000   Number         0  putchar.o ABSOLUTE
    ../clib/microlib/stdio/puts.c            0x00000000   Number         0  puts.o ABSOLUTE
    ../clib/microlib/stdio/puts.c            0x00000000   Number         0  puts_e.o ABSOLUTE
    ../clib/microlib/stdio/streams.c         0x00000000   Number         0  stdout.o ABSOLUTE
    ../clib/microlib/string/memset.c         0x00000000   Number         0  memseta.o ABSOLUTE
    ../clib/microlib/stubs.s                 0x00000000   Number         0  iusefp.o ABSOLUTE
    ../fplib/microlib/d2f.c                  0x00000000   Number         0  d2f.o ABSOLUTE
    ../fplib/microlib/f2d.c                  0x00000000   Number         0  f2d.o ABSOLUTE
    ../fplib/microlib/fpadd.c                0x00000000   Number         0  dadd.o ABSOLUTE
    ../fplib/microlib/fpcmp.c                0x00000000   Number         0  fcmpge.o ABSOLUTE
    ../fplib/microlib/fpcmp.c                0x00000000   Number         0  fcmpgt.o ABSOLUTE
    ../fplib/microlib/fpdiv.c                0x00000000   Number         0  ddiv.o ABSOLUTE
    ../fplib/microlib/fpepilogue.c           0x00000000   Number         0  fepilogue.o ABSOLUTE
    ../fplib/microlib/fpepilogue.c           0x00000000   Number         0  depilogue.o ABSOLUTE
    ../fplib/microlib/fpfix.c                0x00000000   Number         0  ffixi.o ABSOLUTE
    ../fplib/microlib/fpfix.c                0x00000000   Number         0  dfixul.o ABSOLUTE
    ../fplib/microlib/fpflt.c                0x00000000   Number         0  dfltui.o ABSOLUTE
    ../fplib/microlib/fpmul.c                0x00000000   Number         0  fmul.o ABSOLUTE
    ../fplib/microlib/fpmul.c                0x00000000   Number         0  dmul.o ABSOLUTE
    cdrcmple.s                               0x00000000   Number         0  cdrcmple.o ABSOLUTE
    dc.s                                     0x00000000   Number         0  dc.o ABSOLUTE
    delay.c                                  0x00000000   Number         0  delay.o ABSOLUTE
    handlers.s                               0x00000000   Number         0  handlers.o ABSOLUTE
    husb238.c                                0x00000000   Number         0  husb238.o ABSOLUTE
    i2c.c                                    0x00000000   Number         0  i2c.o ABSOLUTE
    init.s                                   0x00000000   Number         0  init.o ABSOLUTE
    isr.c                                    0x00000000   Number         0  isr.o ABSOLUTE
    key.c                                    0x00000000   Number         0  key.o ABSOLUTE
    led.c                                    0x00000000   Number         0  led.o ABSOLUTE
    main.c                                   0x00000000   Number         0  main.o ABSOLUTE
    sc8886.c                                 0x00000000   Number         0  sc8886.o ABSOLUTE
    startup_stm32f030.s                      0x00000000   Number         0  startup_stm32f030.o ABSOLUTE
    stm32f0xx_adc.c                          0x00000000   Number         0  stm32f0xx_adc.o ABSOLUTE
    stm32f0xx_can.c                          0x00000000   Number         0  stm32f0xx_can.o ABSOLUTE
    stm32f0xx_cec.c                          0x00000000   Number         0  stm32f0xx_cec.o ABSOLUTE
    stm32f0xx_comp.c                         0x00000000   Number         0  stm32f0xx_comp.o ABSOLUTE
    stm32f0xx_crc.c                          0x00000000   Number         0  stm32f0xx_crc.o ABSOLUTE
    stm32f0xx_crs.c                          0x00000000   Number         0  stm32f0xx_crs.o ABSOLUTE
    stm32f0xx_dac.c                          0x00000000   Number         0  stm32f0xx_dac.o ABSOLUTE
    stm32f0xx_dbgmcu.c                       0x00000000   Number         0  stm32f0xx_dbgmcu.o ABSOLUTE
    stm32f0xx_dma.c                          0x00000000   Number         0  stm32f0xx_dma.o ABSOLUTE
    stm32f0xx_exti.c                         0x00000000   Number         0  stm32f0xx_exti.o ABSOLUTE
    stm32f0xx_flash.c                        0x00000000   Number         0  stm32f0xx_flash.o ABSOLUTE
    stm32f0xx_gpio.c                         0x00000000   Number         0  stm32f0xx_gpio.o ABSOLUTE
    stm32f0xx_i2c.c                          0x00000000   Number         0  stm32f0xx_i2c.o ABSOLUTE
    stm32f0xx_iwdg.c                         0x00000000   Number         0  stm32f0xx_iwdg.o ABSOLUTE
    stm32f0xx_misc.c                         0x00000000   Number         0  stm32f0xx_misc.o ABSOLUTE
    stm32f0xx_pwr.c                          0x00000000   Number         0  stm32f0xx_pwr.o ABSOLUTE
    stm32f0xx_rcc.c                          0x00000000   Number         0  stm32f0xx_rcc.o ABSOLUTE
    stm32f0xx_rtc.c                          0x00000000   Number         0  stm32f0xx_rtc.o ABSOLUTE
    stm32f0xx_spi.c                          0x00000000   Number         0  stm32f0xx_spi.o ABSOLUTE
    stm32f0xx_syscfg.c                       0x00000000   Number         0  stm32f0xx_syscfg.o ABSOLUTE
    stm32f0xx_tim.c                          0x00000000   Number         0  stm32f0xx_tim.o ABSOLUTE
    stm32f0xx_usart.c                        0x00000000   Number         0  stm32f0xx_usart.o ABSOLUTE
    stm32f0xx_wwdg.c                         0x00000000   Number         0  stm32f0xx_wwdg.o ABSOLUTE
    system_stm32f0xx.c                       0x00000000   Number         0  system_stm32f0xx.o ABSOLUTE
    tim.c                                    0x00000000   Number         0  tim.o ABSOLUTE
    uart.c                                   0x00000000   Number         0  uart.o ABSOLUTE
    RESET                                    0x08000000   Section      180  startup_stm32f030.o(RESET)
    .ARM.Collect$$$$00000000                 0x080000b4   Section        0  entry.o(.ARM.Collect$$$$00000000)
    .ARM.Collect$$$$00000001                 0x080000b4   Section        4  entry2.o(.ARM.Collect$$$$00000001)
    .ARM.Collect$$$$00000004                 0x080000b8   Section        4  entry5.o(.ARM.Collect$$$$00000004)
    .ARM.Collect$$$$00000008                 0x080000bc   Section        0  entry7b.o(.ARM.Collect$$$$00000008)
    .ARM.Collect$$$$0000000A                 0x080000bc   Section        0  entry8b.o(.ARM.Collect$$$$0000000A)
    .ARM.Collect$$$$0000000B                 0x080000bc   Section        8  entry9a.o(.ARM.Collect$$$$0000000B)
    __lit__00000000                          0x080000c4   Data           4  entry2.o(.ARM.Collect$$$$00002712)
    .ARM.Collect$$$$0000000D                 0x080000c4   Section        0  entry10a.o(.ARM.Collect$$$$0000000D)
    .ARM.Collect$$$$0000000F                 0x080000c4   Section        0  entry11a.o(.ARM.Collect$$$$0000000F)
    .ARM.Collect$$$$00002712                 0x080000c4   Section        4  entry2.o(.ARM.Collect$$$$00002712)
    .text                                    0x080000c8   Section       28  startup_stm32f030.o(.text)
    .text                                    0x080000e4   Section        0  fmul.o(.text)
    .text                                    0x08000160   Section        0  dadd.o(.text)
    .text                                    0x080002c4   Section        0  dmul.o(.text)
    .text                                    0x08000394   Section        0  dfltui.o(.text)
    .text                                    0x080003b0   Section        0  ffixi.o(.text)
    .text                                    0x080003e2   Section        0  f2d.o(.text)
    .text                                    0x0800040a   Section        0  d2f.o(.text)
    .text                                    0x08000442   Section        0  uidiv_div0.o(.text)
    .text                                    0x08000480   Section        0  uldiv.o(.text)
    .text                                    0x080004e0   Section        0  llshl.o(.text)
    .text                                    0x08000500   Section        0  llsshr.o(.text)
    .text                                    0x08000526   Section        0  iusefp.o(.text)
    .text                                    0x08000526   Section        0  fepilogue.o(.text)
    .text                                    0x080005a8   Section        0  depilogue.o(.text)
    .text                                    0x08000668   Section        0  ddiv.o(.text)
    .text                                    0x08000758   Section        0  dfixul.o(.text)
    .text                                    0x08000798   Section       40  cdrcmple.o(.text)
    .text                                    0x080007c0   Section       48  init.o(.text)
    .text                                    0x080007f0   Section        0  llushr.o(.text)
    [Anonymous Symbol]                       0x08000814   Section        0  isr.o(.text.EXTI0_1_IRQHandler)
    __arm_cp.2_1                             0x080008c0   Number         4  isr.o(.text.EXTI0_1_IRQHandler)
    __arm_cp.2_2                             0x080008c4   Number         4  isr.o(.text.EXTI0_1_IRQHandler)
    __arm_cp.2_3                             0x080008c8   Number         4  isr.o(.text.EXTI0_1_IRQHandler)
    __arm_cp.2_4                             0x080008cc   Number         4  isr.o(.text.EXTI0_1_IRQHandler)
    __arm_cp.2_5                             0x080008d0   Number         4  isr.o(.text.EXTI0_1_IRQHandler)
    __arm_cp.2_6                             0x080008d4   Number         4  isr.o(.text.EXTI0_1_IRQHandler)
    __arm_cp.2_7                             0x080008d8   Number         4  isr.o(.text.EXTI0_1_IRQHandler)
    __arm_cp.2_8                             0x080008dc   Number         4  isr.o(.text.EXTI0_1_IRQHandler)
    [Anonymous Symbol]                       0x080008e0   Section        0  isr.o(.text.EXTI4_15_IRQHandler)
    __arm_cp.0_0                             0x0800091c   Number         4  isr.o(.text.EXTI4_15_IRQHandler)
    [Anonymous Symbol]                       0x08000944   Section        0  stm32f0xx_exti.o(.text.EXTI_ClearITPendingBit)
    [Anonymous Symbol]                       0x0800094c   Section        0  stm32f0xx_exti.o(.text.EXTI_GetITStatus)
    __arm_cp.6_0                             0x08000958   Number         4  stm32f0xx_exti.o(.text.EXTI_GetITStatus)
    [Anonymous Symbol]                       0x0800095c   Section        0  stm32f0xx_exti.o(.text.EXTI_Init)
    __arm_cp.1_0                             0x080009b8   Number         4  stm32f0xx_exti.o(.text.EXTI_Init)
    [Anonymous Symbol]                       0x080009bc   Section        0  stm32f0xx_gpio.o(.text.GPIO_Init)
    [Anonymous Symbol]                       0x08000a30   Section        0  stm32f0xx_gpio.o(.text.GPIO_PinAFConfig)
    [Anonymous Symbol]                       0x08000a50   Section        0  stm32f0xx_gpio.o(.text.GPIO_WriteBit)
    [Anonymous Symbol]                       0x08000a5c   Section        0  i2c.o(.text.I2C1_Init)
    __arm_cp.0_0                             0x08000ac8   Number         4  i2c.o(.text.I2C1_Init)
    __arm_cp.0_1                             0x08000acc   Number         4  i2c.o(.text.I2C1_Init)
    [Anonymous Symbol]                       0x08000ad0   Section        0  stm32f0xx_i2c.o(.text.I2C_Cmd)
    [Anonymous Symbol]                       0x08000ae0   Section        0  stm32f0xx_i2c.o(.text.I2C_GetFlagStatus)
    [Anonymous Symbol]                       0x08000aec   Section        0  stm32f0xx_i2c.o(.text.I2C_Init)
    __arm_cp.1_0                             0x08000b44   Number         4  stm32f0xx_i2c.o(.text.I2C_Init)
    __arm_cp.1_1                             0x08000b48   Number         4  stm32f0xx_i2c.o(.text.I2C_Init)
    [Anonymous Symbol]                       0x08000b4c   Section        0  i2c.o(.text.I2C_Read)
    [Anonymous Symbol]                       0x08000c30   Section        0  stm32f0xx_i2c.o(.text.I2C_ReceiveData)
    [Anonymous Symbol]                       0x08000c36   Section        0  stm32f0xx_i2c.o(.text.I2C_SendData)
    [Anonymous Symbol]                       0x08000c3c   Section        0  stm32f0xx_i2c.o(.text.I2C_TransferHandling)
    __arm_cp.24_0                            0x08000c58   Number         4  stm32f0xx_i2c.o(.text.I2C_TransferHandling)
    __arm_cp.24_1                            0x08000c5c   Number         4  stm32f0xx_i2c.o(.text.I2C_TransferHandling)
    [Anonymous Symbol]                       0x08000c60   Section        0  i2c.o(.text.I2C_Write)
    __arm_cp.2_0                             0x08000d44   Number         4  i2c.o(.text.I2C_Write)
    [Anonymous Symbol]                       0x08000d48   Section        0  led.o(.text.LED_Init)
    [Anonymous Symbol]                       0x08000d80   Section        0  stm32f0xx_misc.o(.text.NVIC_Init)
    __arm_cp.0_0                             0x08000dc4   Number         4  stm32f0xx_misc.o(.text.NVIC_Init)
    __arm_cp.0_1                             0x08000dc8   Number         4  stm32f0xx_misc.o(.text.NVIC_Init)
    __arm_cp.0_2                             0x08000dcc   Number         4  stm32f0xx_misc.o(.text.NVIC_Init)
    [Anonymous Symbol]                       0x08000dd0   Section        0  stm32f0xx_rcc.o(.text.RCC_AHBPeriphClockCmd)
    __arm_cp.31_0                            0x08000de8   Number         4  stm32f0xx_rcc.o(.text.RCC_AHBPeriphClockCmd)
    [Anonymous Symbol]                       0x08000dec   Section        0  stm32f0xx_rcc.o(.text.RCC_APB1PeriphClockCmd)
    __arm_cp.33_0                            0x08000e04   Number         4  stm32f0xx_rcc.o(.text.RCC_APB1PeriphClockCmd)
    [Anonymous Symbol]                       0x08000e08   Section        0  stm32f0xx_rcc.o(.text.RCC_APB2PeriphClockCmd)
    __arm_cp.32_0                            0x08000e20   Number         4  stm32f0xx_rcc.o(.text.RCC_APB2PeriphClockCmd)
    [Anonymous Symbol]                       0x08000e24   Section        0  stm32f0xx_rcc.o(.text.RCC_GetClocksFreq)
    __arm_cp.27_0                            0x08000f74   Number         4  stm32f0xx_rcc.o(.text.RCC_GetClocksFreq)
    __arm_cp.27_2                            0x08000f78   Number         4  stm32f0xx_rcc.o(.text.RCC_GetClocksFreq)
    __arm_cp.27_4                            0x08000f7c   Number         4  stm32f0xx_rcc.o(.text.RCC_GetClocksFreq)
    __arm_cp.27_5                            0x08000f80   Number         4  stm32f0xx_rcc.o(.text.RCC_GetClocksFreq)
    [Anonymous Symbol]                       0x08000f84   Section        0  stm32f0xx_syscfg.o(.text.SYSCFG_EXTILineConfig)
    __arm_cp.5_0                             0x08000fa4   Number         4  stm32f0xx_syscfg.o(.text.SYSCFG_EXTILineConfig)
    [Anonymous Symbol]                       0x08000fa8   Section        0  system_stm32f0xx.o(.text.SystemInit)
    __arm_cp.0_0                             0x080010c0   Number         4  system_stm32f0xx.o(.text.SystemInit)
    __arm_cp.0_1                             0x080010c4   Number         4  system_stm32f0xx.o(.text.SystemInit)
    __arm_cp.0_2                             0x080010c8   Number         4  system_stm32f0xx.o(.text.SystemInit)
    __arm_cp.0_3                             0x080010cc   Number         4  system_stm32f0xx.o(.text.SystemInit)
    __arm_cp.0_4                             0x080010d0   Number         4  system_stm32f0xx.o(.text.SystemInit)
    __arm_cp.0_5                             0x080010d4   Number         4  system_stm32f0xx.o(.text.SystemInit)
    __arm_cp.0_6                             0x080010d8   Number         4  system_stm32f0xx.o(.text.SystemInit)
    __arm_cp.0_7                             0x080010dc   Number         4  system_stm32f0xx.o(.text.SystemInit)
    [Anonymous Symbol]                       0x080010e0   Section        0  isr.o(.text.TIM1_BRK_UP_TRG_COM_IRQHandler)
    __arm_cp.1_1                             0x08001130   Number         4  isr.o(.text.TIM1_BRK_UP_TRG_COM_IRQHandler)
    __arm_cp.1_3                             0x08001134   Number         4  isr.o(.text.TIM1_BRK_UP_TRG_COM_IRQHandler)
    __arm_cp.1_5                             0x08001138   Number         4  isr.o(.text.TIM1_BRK_UP_TRG_COM_IRQHandler)
    [Anonymous Symbol]                       0x0800113c   Section        0  tim.o(.text.TIM1_Init)
    __arm_cp.0_0                             0x08001188   Number         4  tim.o(.text.TIM1_Init)
    __arm_cp.0_1                             0x0800118c   Number         4  tim.o(.text.TIM1_Init)
    [Anonymous Symbol]                       0x08001190   Section        0  stm32f0xx_tim.o(.text.TIM_ClearITPendingBit)
    [Anonymous Symbol]                       0x08001196   Section        0  stm32f0xx_tim.o(.text.TIM_Cmd)
    [Anonymous Symbol]                       0x080011a6   Section        0  stm32f0xx_tim.o(.text.TIM_GetITStatus)
    [Anonymous Symbol]                       0x080011ba   Section        0  stm32f0xx_tim.o(.text.TIM_ITConfig)
    [Anonymous Symbol]                       0x080011d0   Section        0  stm32f0xx_tim.o(.text.TIM_TimeBaseInit)
    __arm_cp.1_0                             0x08001230   Number         4  stm32f0xx_tim.o(.text.TIM_TimeBaseInit)
    __arm_cp.1_1                             0x08001234   Number         4  stm32f0xx_tim.o(.text.TIM_TimeBaseInit)
    __arm_cp.1_2                             0x08001238   Number         4  stm32f0xx_tim.o(.text.TIM_TimeBaseInit)
    __arm_cp.1_3                             0x0800123c   Number         4  stm32f0xx_tim.o(.text.TIM_TimeBaseInit)
    [Anonymous Symbol]                       0x08001240   Section        0  uart.o(.text.UART1_Init)
    __arm_cp.0_0                             0x080012bc   Number         4  uart.o(.text.UART1_Init)
    __arm_cp.0_2                             0x080012c0   Number         4  uart.o(.text.UART1_Init)
    [Anonymous Symbol]                       0x080012c4   Section        0  uart.o(.text.USART1_IRQHandler)
    __arm_cp.2_1                             0x08001318   Number         4  uart.o(.text.USART1_IRQHandler)
    __arm_cp.2_2                             0x0800131c   Number         4  uart.o(.text.USART1_IRQHandler)
    __arm_cp.2_3                             0x08001320   Number         4  uart.o(.text.USART1_IRQHandler)
    [Anonymous Symbol]                       0x08001324   Section        0  stm32f0xx_usart.o(.text.USART_Cmd)
    [Anonymous Symbol]                       0x08001334   Section        0  stm32f0xx_usart.o(.text.USART_ITConfig)
    [Anonymous Symbol]                       0x08001364   Section        0  stm32f0xx_usart.o(.text.USART_Init)
    __arm_cp.1_0                             0x08001404   Number         4  stm32f0xx_usart.o(.text.USART_Init)
    __arm_cp.1_1                             0x08001408   Number         4  stm32f0xx_usart.o(.text.USART_Init)
    __arm_cp.1_2                             0x0800140c   Number         4  stm32f0xx_usart.o(.text.USART_Init)
    __arm_cp.1_3                             0x08001410   Number         4  stm32f0xx_usart.o(.text.USART_Init)
    __arm_cp.1_4                             0x08001414   Number         4  stm32f0xx_usart.o(.text.USART_Init)
    [Anonymous Symbol]                       0x08001418   Section        0  delay.o(.text.delay_init)
    __arm_cp.0_0                             0x08001434   Number         4  delay.o(.text.delay_init)
    __arm_cp.0_2                             0x08001438   Number         4  delay.o(.text.delay_init)
    [Anonymous Symbol]                       0x0800143c   Section        0  delay.o(.text.delay_ms)
    __arm_cp.2_0                             0x08001470   Number         4  delay.o(.text.delay_ms)
    __arm_cp.2_1                             0x08001474   Number         4  delay.o(.text.delay_ms)
    [Anonymous Symbol]                       0x08001478   Section        0  uart.o(.text.fputc)
    __arm_cp.1_0                             0x08001488   Number         4  uart.o(.text.fputc)
    [Anonymous Symbol]                       0x0800148c   Section        0  husb238.o(.text.husb238_analysis)
    __arm_cp.1_2                             0x080014dc   Number         4  husb238.o(.text.husb238_analysis)
    __arm_cp.1_3                             0x080014e0   Number         4  husb238.o(.text.husb238_analysis)
    __arm_cp.1_4                             0x080014e4   Number         4  husb238.o(.text.husb238_analysis)
    __arm_cp.1_5                             0x080014e8   Number         4  husb238.o(.text.husb238_analysis)
    __arm_cp.1_6                             0x080014ec   Number         4  husb238.o(.text.husb238_analysis)
    __arm_cp.1_8                             0x080014f0   Number         4  husb238.o(.text.husb238_analysis)
    [Anonymous Symbol]                       0x080014f4   Section        0  husb238.o(.text.husb238_read_all_reg)
    __arm_cp.0_0                             0x08001510   Number         4  husb238.o(.text.husb238_read_all_reg)
    [Anonymous Symbol]                       0x08001528   Section        0  husb238.o(.text.husb238_require_highest_voltage)
    __arm_cp.2_0                             0x08001568   Number         4  husb238.o(.text.husb238_require_highest_voltage)
    __arm_cp.2_1                             0x0800156c   Number         4  husb238.o(.text.husb238_require_highest_voltage)
    __arm_cp.2_2                             0x08001570   Number         4  husb238.o(.text.husb238_require_highest_voltage)
    __arm_cp.2_3                             0x08001574   Number         4  husb238.o(.text.husb238_require_highest_voltage)
    __arm_cp.2_4                             0x08001578   Number         4  husb238.o(.text.husb238_require_highest_voltage)
    [Anonymous Symbol]                       0x0800157c   Section        0  key.o(.text.key_init)
    __arm_cp.0_0                             0x080015d0   Number         4  key.o(.text.key_init)
    [Anonymous Symbol]                       0x080015d4   Section        0  main.o(.text.main)
    __arm_cp.0_0                             0x08001618   Number         4  main.o(.text.main)
    __arm_cp.0_1                             0x0800161c   Number         4  main.o(.text.main)
    [Anonymous Symbol]                       0x08001638   Section        0  sc8886.o(.text.sc8886_adc_read)
    __arm_cp.6_1                             0x08001718   Number         4  sc8886.o(.text.sc8886_adc_read)
    __arm_cp.6_2                             0x0800171c   Number         4  sc8886.o(.text.sc8886_adc_read)
    __arm_cp.6_3                             0x08001720   Number         4  sc8886.o(.text.sc8886_adc_read)
    __arm_cp.6_4                             0x08001724   Number         4  sc8886.o(.text.sc8886_adc_read)
    __arm_cp.6_5                             0x08001728   Number         4  sc8886.o(.text.sc8886_adc_read)
    __arm_cp.6_6                             0x0800172c   Number         4  sc8886.o(.text.sc8886_adc_read)
    __arm_cp.6_7                             0x08001730   Number         4  sc8886.o(.text.sc8886_adc_read)
    __arm_cp.6_8                             0x08001734   Number         4  sc8886.o(.text.sc8886_adc_read)
    __arm_cp.6_9                             0x08001738   Number         4  sc8886.o(.text.sc8886_adc_read)
    __arm_cp.6_10                            0x0800173c   Number         4  sc8886.o(.text.sc8886_adc_read)
    __arm_cp.6_11                            0x08001740   Number         4  sc8886.o(.text.sc8886_adc_read)
    __arm_cp.6_12                            0x08001744   Number         4  sc8886.o(.text.sc8886_adc_read)
    __arm_cp.6_13                            0x08001748   Number         4  sc8886.o(.text.sc8886_adc_read)
    __arm_cp.6_14                            0x0800174c   Number         4  sc8886.o(.text.sc8886_adc_read)
    __arm_cp.6_15                            0x08001750   Number         4  sc8886.o(.text.sc8886_adc_read)
    __arm_cp.6_16                            0x08001754   Number         4  sc8886.o(.text.sc8886_adc_read)
    __arm_cp.6_17                            0x08001758   Number         4  sc8886.o(.text.sc8886_adc_read)
    [Anonymous Symbol]                       0x0800175c   Section        0  sc8886.o(.text.sc8886_init)
    [Anonymous Symbol]                       0x0800180c   Section        0  sc8886.o(.text.sc8886_set_iin)
    __arm_cp.9_0                             0x08001828   Number         4  sc8886.o(.text.sc8886_set_iin)
    __arm_cp.9_1                             0x0800182c   Number         4  sc8886.o(.text.sc8886_set_iin)
    [Anonymous Symbol]                       0x08001830   Section        0  husb238.o(.text.show_adapter_info)
    __arm_cp.3_0                             0x080018bc   Number         4  husb238.o(.text.show_adapter_info)
    __arm_cp.3_3                             0x080018f0   Number         4  husb238.o(.text.show_adapter_info)
    __arm_cp.3_4                             0x080018f4   Number         4  husb238.o(.text.show_adapter_info)
    __arm_cp.3_7                             0x08001920   Number         4  husb238.o(.text.show_adapter_info)
    __arm_cp.3_8                             0x08001924   Number         4  husb238.o(.text.show_adapter_info)
    __arm_cp.3_9                             0x08001928   Number         4  husb238.o(.text.show_adapter_info)
    __arm_cp.3_12                            0x0800194c   Number         4  husb238.o(.text.show_adapter_info)
    __arm_cp.3_13                            0x08001950   Number         4  husb238.o(.text.show_adapter_info)
    i.__0printf                              0x0800196c   Section        0  printfa.o(i.__0printf)
    i.__ARM_clz                              0x0800198c   Section        0  depilogue.o(i.__ARM_clz)
    i.__scatterload_copy                     0x080019ba   Section       14  handlers.o(i.__scatterload_copy)
    i.__scatterload_null                     0x080019c8   Section        2  handlers.o(i.__scatterload_null)
    i.__scatterload_zeroinit                 0x080019ca   Section       14  handlers.o(i.__scatterload_zeroinit)
    _fp_digits                               0x080019d9   Thumb Code   344  printfa.o(i._fp_digits)
    i._fp_digits                             0x080019d8   Section        0  printfa.o(i._fp_digits)
    _printf_core                             0x08001b4d   Thumb Code  1754  printfa.o(i._printf_core)
    i._printf_core                           0x08001b4c   Section        0  printfa.o(i._printf_core)
    _printf_post_padding                     0x08002239   Thumb Code    32  printfa.o(i._printf_post_padding)
    i._printf_post_padding                   0x08002238   Section        0  printfa.o(i._printf_post_padding)
    _printf_pre_padding                      0x08002259   Thumb Code    44  printfa.o(i._printf_pre_padding)
    i._printf_pre_padding                    0x08002258   Section        0  printfa.o(i._printf_pre_padding)
    i.puts                                   0x08002284   Section        0  puts.o(i.puts)
    APBAHBPrescTable                         0x080022b4   Data          16  stm32f0xx_rcc.o(.rodata.APBAHBPrescTable)
    [Anonymous Symbol]                       0x080022b4   Section        0  stm32f0xx_rcc.o(.rodata.APBAHBPrescTable)
    [Anonymous Symbol]                       0x0800231b   Section        0  isr.o(.rodata.str1.1)
    [Anonymous Symbol]                       0x08002363   Section        0  husb238.o(.rodata.str1.1)
    .data                                    0x20000000   Section        4  stdout.o(.data)
    g_fac_us                                 0x2000010c   Data           4  delay.o(.bss.g_fac_us)
    [Anonymous Symbol]                       0x2000010c   Section        0  delay.o(.bss.g_fac_us)
    STACK                                    0x20000160   Section     1024  startup_stm32f030.o(STACK)

    Global Symbols

    Symbol Name                              Value     Ov Type        Size  Object(Section)

    BuildAttributes$$THM_ISAv3M$S$PE$A:L22$X:L11$S22$IEEE1$IW$~IW$USESV6$~STKCKD$USESV7$~SHL$OTIME$ROPI$EBA8$MICROLIB$REQ8$PRES8$EABIv2 0x00000000   Number         0  anon$$obj.o ABSOLUTE
    _printf_a                                0x00000000   Number         0  printfstubs.o ABSOLUTE
    _printf_c                                0x00000000   Number         0  printfstubs.o ABSOLUTE
    _printf_charcount                        0x00000000   Number         0  printfstubs.o ABSOLUTE
    _printf_d                                0x00000000   Number         0  printfstubs.o ABSOLUTE
    _printf_e                                0x00000000   Number         0  printfstubs.o ABSOLUTE
    _printf_f                                0x00000000   Number         0  printfstubs.o ABSOLUTE
    _printf_flags                            0x00000000   Number         0  printfstubs.o ABSOLUTE
    _printf_fp_dec                           0x00000000   Number         0  printfstubs.o ABSOLUTE
    _printf_fp_hex                           0x00000000   Number         0  printfstubs.o ABSOLUTE
    _printf_g                                0x00000000   Number         0  printfstubs.o ABSOLUTE
    _printf_i                                0x00000000   Number         0  printfstubs.o ABSOLUTE
    _printf_int_dec                          0x00000000   Number         0  printfstubs.o ABSOLUTE
    _printf_l                                0x00000000   Number         0  printfstubs.o ABSOLUTE
    _printf_lc                               0x00000000   Number         0  printfstubs.o ABSOLUTE
    _printf_ll                               0x00000000   Number         0  printfstubs.o ABSOLUTE
    _printf_lld                              0x00000000   Number         0  printfstubs.o ABSOLUTE
    _printf_lli                              0x00000000   Number         0  printfstubs.o ABSOLUTE
    _printf_llo                              0x00000000   Number         0  printfstubs.o ABSOLUTE
    _printf_llu                              0x00000000   Number         0  printfstubs.o ABSOLUTE
    _printf_llx                              0x00000000   Number         0  printfstubs.o ABSOLUTE
    _printf_longlong_dec                     0x00000000   Number         0  printfstubs.o ABSOLUTE
    _printf_longlong_hex                     0x00000000   Number         0  printfstubs.o ABSOLUTE
    _printf_longlong_oct                     0x00000000   Number         0  printfstubs.o ABSOLUTE
    _printf_ls                               0x00000000   Number         0  printfstubs.o ABSOLUTE
    _printf_mbtowc                           0x00000000   Number         0  printfstubs.o ABSOLUTE
    _printf_n                                0x00000000   Number         0  printfstubs.o ABSOLUTE
    _printf_o                                0x00000000   Number         0  printfstubs.o ABSOLUTE
    _printf_p                                0x00000000   Number         0  printfstubs.o ABSOLUTE
    _printf_percent                          0x00000000   Number         0  printfstubs.o ABSOLUTE
    _printf_pre_padding                      0x00000000   Number         0  printfstubs.o ABSOLUTE
    _printf_return_value                     0x00000000   Number         0  printfstubs.o ABSOLUTE
    _printf_s                                0x00000000   Number         0  printfstubs.o ABSOLUTE
    _printf_sizespec                         0x00000000   Number         0  printfstubs.o ABSOLUTE
    _printf_str                              0x00000000   Number         0  printfstubs.o ABSOLUTE
    _printf_truncate_signed                  0x00000000   Number         0  printfstubs.o ABSOLUTE
    _printf_truncate_unsigned                0x00000000   Number         0  printfstubs.o ABSOLUTE
    _printf_u                                0x00000000   Number         0  printfstubs.o ABSOLUTE
    _printf_wc                               0x00000000   Number         0  printfstubs.o ABSOLUTE
    _printf_wctomb                           0x00000000   Number         0  printfstubs.o ABSOLUTE
    _printf_widthprec                        0x00000000   Number         0  printfstubs.o ABSOLUTE
    _printf_x                                0x00000000   Number         0  printfstubs.o ABSOLUTE
    __cpp_initialize__aeabi_                  - Undefined Weak Reference
    __cxa_finalize                            - Undefined Weak Reference
    __decompress                              - Undefined Weak Reference
    _clock_init                               - Undefined Weak Reference
    _microlib_exit                            - Undefined Weak Reference
    __Vectors_Size                           0x000000b4   Number         0  startup_stm32f030.o ABSOLUTE
    __Vectors                                0x08000000   Data           4  startup_stm32f030.o(RESET)
    __Vectors_End                            0x080000b4   Data           0  startup_stm32f030.o(RESET)
    __main                                   0x080000b5   Thumb Code     0  entry.o(.ARM.Collect$$$$00000000)
    _main_stk                                0x080000b5   Thumb Code     0  entry2.o(.ARM.Collect$$$$00000001)
    _main_scatterload                        0x080000b9   Thumb Code     0  entry5.o(.ARM.Collect$$$$00000004)
    __main_after_scatterload                 0x080000bd   Thumb Code     0  entry5.o(.ARM.Collect$$$$00000004)
    _main_clock                              0x080000bd   Thumb Code     0  entry7b.o(.ARM.Collect$$$$00000008)
    _main_cpp_init                           0x080000bd   Thumb Code     0  entry8b.o(.ARM.Collect$$$$0000000A)
    _main_init                               0x080000bd   Thumb Code     0  entry9a.o(.ARM.Collect$$$$0000000B)
    __rt_final_cpp                           0x080000c5   Thumb Code     0  entry10a.o(.ARM.Collect$$$$0000000D)
    __rt_final_exit                          0x080000c5   Thumb Code     0  entry11a.o(.ARM.Collect$$$$0000000F)
    Reset_Handler                            0x080000c9   Thumb Code     8  startup_stm32f030.o(.text)
    NMI_Handler                              0x080000d1   Thumb Code     2  startup_stm32f030.o(.text)
    HardFault_Handler                        0x080000d3   Thumb Code     2  startup_stm32f030.o(.text)
    SVC_Handler                              0x080000d5   Thumb Code     2  startup_stm32f030.o(.text)
    PendSV_Handler                           0x080000d7   Thumb Code     2  startup_stm32f030.o(.text)
    SysTick_Handler                          0x080000d9   Thumb Code     2  startup_stm32f030.o(.text)
    ADC1_IRQHandler                          0x080000db   Thumb Code     0  startup_stm32f030.o(.text)
    DMA1_Channel1_IRQHandler                 0x080000db   Thumb Code     0  startup_stm32f030.o(.text)
    DMA1_Channel2_3_IRQHandler               0x080000db   Thumb Code     0  startup_stm32f030.o(.text)
    DMA1_Channel4_5_IRQHandler               0x080000db   Thumb Code     0  startup_stm32f030.o(.text)
    EXTI2_3_IRQHandler                       0x080000db   Thumb Code     0  startup_stm32f030.o(.text)
    FLASH_IRQHandler                         0x080000db   Thumb Code     0  startup_stm32f030.o(.text)
    I2C1_IRQHandler                          0x080000db   Thumb Code     0  startup_stm32f030.o(.text)
    I2C2_IRQHandler                          0x080000db   Thumb Code     0  startup_stm32f030.o(.text)
    RCC_IRQHandler                           0x080000db   Thumb Code     0  startup_stm32f030.o(.text)
    RTC_IRQHandler                           0x080000db   Thumb Code     0  startup_stm32f030.o(.text)
    SPI1_IRQHandler                          0x080000db   Thumb Code     0  startup_stm32f030.o(.text)
    SPI2_IRQHandler                          0x080000db   Thumb Code     0  startup_stm32f030.o(.text)
    TIM14_IRQHandler                         0x080000db   Thumb Code     0  startup_stm32f030.o(.text)
    TIM15_IRQHandler                         0x080000db   Thumb Code     0  startup_stm32f030.o(.text)
    TIM16_IRQHandler                         0x080000db   Thumb Code     0  startup_stm32f030.o(.text)
    TIM17_IRQHandler                         0x080000db   Thumb Code     0  startup_stm32f030.o(.text)
    TIM1_CC_IRQHandler                       0x080000db   Thumb Code     0  startup_stm32f030.o(.text)
    TIM3_IRQHandler                          0x080000db   Thumb Code     0  startup_stm32f030.o(.text)
    USART2_IRQHandler                        0x080000db   Thumb Code     0  startup_stm32f030.o(.text)
    WWDG_IRQHandler                          0x080000db   Thumb Code     0  startup_stm32f030.o(.text)
    __aeabi_fmul                             0x080000e5   Thumb Code   122  fmul.o(.text)
    __aeabi_dadd                             0x08000161   Thumb Code   328  dadd.o(.text)
    __aeabi_dsub                             0x080002a9   Thumb Code    12  dadd.o(.text)
    __aeabi_drsub                            0x080002b5   Thumb Code    12  dadd.o(.text)
    __aeabi_dmul                             0x080002c5   Thumb Code   202  dmul.o(.text)
    __aeabi_ui2d                             0x08000395   Thumb Code    24  dfltui.o(.text)
    __aeabi_f2iz                             0x080003b1   Thumb Code    50  ffixi.o(.text)
    __aeabi_f2d                              0x080003e3   Thumb Code    40  f2d.o(.text)
    __aeabi_d2f                              0x0800040b   Thumb Code    56  d2f.o(.text)
    __aeabi_uidiv                            0x08000443   Thumb Code     0  uidiv_div0.o(.text)
    __aeabi_uidivmod                         0x08000443   Thumb Code    62  uidiv_div0.o(.text)
    __aeabi_uldivmod                         0x08000481   Thumb Code    96  uldiv.o(.text)
    __aeabi_llsl                             0x080004e1   Thumb Code    32  llshl.o(.text)
    _ll_shift_l                              0x080004e1   Thumb Code     0  llshl.o(.text)
    __aeabi_lasr                             0x08000501   Thumb Code    38  llsshr.o(.text)
    _ll_sshift_r                             0x08000501   Thumb Code     0  llsshr.o(.text)
    __I$use$fp                               0x08000527   Thumb Code     0  iusefp.o(.text)
    _float_round                             0x08000527   Thumb Code    16  fepilogue.o(.text)
    _float_epilogue                          0x08000537   Thumb Code   114  fepilogue.o(.text)
    _double_round                            0x080005a9   Thumb Code    26  depilogue.o(.text)
    _double_epilogue                         0x080005c3   Thumb Code   164  depilogue.o(.text)
    __aeabi_ddiv                             0x08000669   Thumb Code   234  ddiv.o(.text)
    __aeabi_d2ulz                            0x08000759   Thumb Code    54  dfixul.o(.text)
    __aeabi_cdrcmple                         0x08000799   Thumb Code    38  cdrcmple.o(.text)
    __scatterload                            0x080007c1   Thumb Code    38  init.o(.text)
    __scatterload_rt2                        0x080007c1   Thumb Code     0  init.o(.text)
    __aeabi_llsr                             0x080007f1   Thumb Code    34  llushr.o(.text)
    _ll_ushift_r                             0x080007f1   Thumb Code     0  llushr.o(.text)
    EXTI0_1_IRQHandler                       0x08000815   Thumb Code   172  isr.o(.text.EXTI0_1_IRQHandler)
    EXTI4_15_IRQHandler                      0x080008e1   Thumb Code    60  isr.o(.text.EXTI4_15_IRQHandler)
    EXTI_ClearITPendingBit                   0x08000945   Thumb Code     8  stm32f0xx_exti.o(.text.EXTI_ClearITPendingBit)
    EXTI_GetITStatus                         0x0800094d   Thumb Code    12  stm32f0xx_exti.o(.text.EXTI_GetITStatus)
    EXTI_Init                                0x0800095d   Thumb Code    92  stm32f0xx_exti.o(.text.EXTI_Init)
    GPIO_Init                                0x080009bd   Thumb Code   116  stm32f0xx_gpio.o(.text.GPIO_Init)
    GPIO_PinAFConfig                         0x08000a31   Thumb Code    32  stm32f0xx_gpio.o(.text.GPIO_PinAFConfig)
    GPIO_WriteBit                            0x08000a51   Thumb Code    12  stm32f0xx_gpio.o(.text.GPIO_WriteBit)
    I2C1_Init                                0x08000a5d   Thumb Code   108  i2c.o(.text.I2C1_Init)
    I2C_Cmd                                  0x08000ad1   Thumb Code    16  stm32f0xx_i2c.o(.text.I2C_Cmd)
    I2C_GetFlagStatus                        0x08000ae1   Thumb Code    10  stm32f0xx_i2c.o(.text.I2C_GetFlagStatus)
    I2C_Init                                 0x08000aed   Thumb Code    88  stm32f0xx_i2c.o(.text.I2C_Init)
    I2C_Read                                 0x08000b4d   Thumb Code   228  i2c.o(.text.I2C_Read)
    I2C_ReceiveData                          0x08000c31   Thumb Code     6  stm32f0xx_i2c.o(.text.I2C_ReceiveData)
    I2C_SendData                             0x08000c37   Thumb Code     4  stm32f0xx_i2c.o(.text.I2C_SendData)
    I2C_TransferHandling                     0x08000c3d   Thumb Code    28  stm32f0xx_i2c.o(.text.I2C_TransferHandling)
    I2C_Write                                0x08000c61   Thumb Code   228  i2c.o(.text.I2C_Write)
    LED_Init                                 0x08000d49   Thumb Code    56  led.o(.text.LED_Init)
    NVIC_Init                                0x08000d81   Thumb Code    68  stm32f0xx_misc.o(.text.NVIC_Init)
    RCC_AHBPeriphClockCmd                    0x08000dd1   Thumb Code    24  stm32f0xx_rcc.o(.text.RCC_AHBPeriphClockCmd)
    RCC_APB1PeriphClockCmd                   0x08000ded   Thumb Code    24  stm32f0xx_rcc.o(.text.RCC_APB1PeriphClockCmd)
    RCC_APB2PeriphClockCmd                   0x08000e09   Thumb Code    24  stm32f0xx_rcc.o(.text.RCC_APB2PeriphClockCmd)
    RCC_GetClocksFreq                        0x08000e25   Thumb Code   336  stm32f0xx_rcc.o(.text.RCC_GetClocksFreq)
    SYSCFG_EXTILineConfig                    0x08000f85   Thumb Code    32  stm32f0xx_syscfg.o(.text.SYSCFG_EXTILineConfig)
    SystemInit                               0x08000fa9   Thumb Code   280  system_stm32f0xx.o(.text.SystemInit)
    TIM1_BRK_UP_TRG_COM_IRQHandler           0x080010e1   Thumb Code    80  isr.o(.text.TIM1_BRK_UP_TRG_COM_IRQHandler)
    TIM1_Init                                0x0800113d   Thumb Code    76  tim.o(.text.TIM1_Init)
    TIM_ClearITPendingBit                    0x08001191   Thumb Code     6  stm32f0xx_tim.o(.text.TIM_ClearITPendingBit)
    TIM_Cmd                                  0x08001197   Thumb Code    16  stm32f0xx_tim.o(.text.TIM_Cmd)
    TIM_GetITStatus                          0x080011a7   Thumb Code    20  stm32f0xx_tim.o(.text.TIM_GetITStatus)
    TIM_ITConfig                             0x080011bb   Thumb Code    20  stm32f0xx_tim.o(.text.TIM_ITConfig)
    TIM_TimeBaseInit                         0x080011d1   Thumb Code    96  stm32f0xx_tim.o(.text.TIM_TimeBaseInit)
    UART1_Init                               0x08001241   Thumb Code   124  uart.o(.text.UART1_Init)
    USART1_IRQHandler                        0x080012c5   Thumb Code    84  uart.o(.text.USART1_IRQHandler)
    USART_Cmd                                0x08001325   Thumb Code    16  stm32f0xx_usart.o(.text.USART_Cmd)
    USART_ITConfig                           0x08001335   Thumb Code    46  stm32f0xx_usart.o(.text.USART_ITConfig)
    USART_Init                               0x08001365   Thumb Code   160  stm32f0xx_usart.o(.text.USART_Init)
    delay_init                               0x08001419   Thumb Code    28  delay.o(.text.delay_init)
    delay_ms                                 0x0800143d   Thumb Code    52  delay.o(.text.delay_ms)
    fputc                                    0x08001479   Thumb Code    16  uart.o(.text.fputc)
    husb238_analysis                         0x0800148d   Thumb Code    80  husb238.o(.text.husb238_analysis)
    husb238_read_all_reg                     0x080014f5   Thumb Code    28  husb238.o(.text.husb238_read_all_reg)
    husb238_require_highest_voltage          0x08001529   Thumb Code    64  husb238.o(.text.husb238_require_highest_voltage)
    key_init                                 0x0800157d   Thumb Code    84  key.o(.text.key_init)
    main                                     0x080015d5   Thumb Code    68  main.o(.text.main)
    sc8886_adc_read                          0x08001639   Thumb Code   224  sc8886.o(.text.sc8886_adc_read)
    sc8886_init                              0x0800175d   Thumb Code   176  sc8886.o(.text.sc8886_init)
    sc8886_set_iin                           0x0800180d   Thumb Code    28  sc8886.o(.text.sc8886_set_iin)
    show_adapter_info                        0x08001831   Thumb Code   140  husb238.o(.text.show_adapter_info)
    __0printf                                0x0800196d   Thumb Code    24  printfa.o(i.__0printf)
    __1printf                                0x0800196d   Thumb Code     0  printfa.o(i.__0printf)
    __2printf                                0x0800196d   Thumb Code     0  printfa.o(i.__0printf)
    __c89printf                              0x0800196d   Thumb Code     0  printfa.o(i.__0printf)
    printf                                   0x0800196d   Thumb Code     0  printfa.o(i.__0printf)
    __ARM_clz                                0x0800198d   Thumb Code    46  depilogue.o(i.__ARM_clz)
    __scatterload_copy                       0x080019bb   Thumb Code    14  handlers.o(i.__scatterload_copy)
    __scatterload_null                       0x080019c9   Thumb Code     2  handlers.o(i.__scatterload_null)
    __scatterload_zeroinit                   0x080019cb   Thumb Code    14  handlers.o(i.__scatterload_zeroinit)
    puts                                     0x08002285   Thumb Code    28  puts.o(i.puts)
    AHBPrescTable                            0x080022a4   Data          16  system_stm32f0xx.o(.rodata.AHBPrescTable)
    current_values                           0x080022c4   Data          64  husb238.o(.rodata.current_values)
    current_values_5V                        0x08002304   Data          16  husb238.o(.rodata.current_values_5V)
    pdo_select_value                         0x08002314   Data           7  husb238.o(.rodata.pdo_select_value)
    voltage_values                           0x08002379   Data           7  husb238.o(.rodata.voltage_values)
    Region$$Table$$Base                      0x08002380   Number         0  anon$$obj.o(Region$$Table)
    Region$$Table$$Limit                     0x080023a0   Number         0  anon$$obj.o(Region$$Table)
    __stdout                                 0x20000000   Data           4  stdout.o(.data)
    SystemCoreClock                          0x20000004   Data           4  system_stm32f0xx.o(.data.SystemCoreClock)
    CMP_IN                                   0x20000008   Data           4  sc8886.o(.bss.CMP_IN)
    ICHG                                     0x2000000c   Data           4  sc8886.o(.bss.ICHG)
    IDCHG                                    0x20000010   Data           4  sc8886.o(.bss.IDCHG)
    IIN                                      0x20000014   Data           4  sc8886.o(.bss.IIN)
    PD_Cur_Capability                        0x20000018   Data          24  husb238.o(.bss.PD_Cur_Capability)
    PD_Vol_Capability                        0x20000030   Data           1  husb238.o(.bss.PD_Vol_Capability)
    USART_RX_BUF                             0x20000031   Data         200  uart.o(.bss.USART_RX_BUF)
    USART_RX_STA                             0x200000fa   Data           2  uart.o(.bss.USART_RX_STA)
    VBAT                                     0x200000fc   Data           4  sc8886.o(.bss.VBAT)
    VBUS                                     0x20000100   Data           4  sc8886.o(.bss.VBUS)
    VSYS                                     0x20000104   Data           4  sc8886.o(.bss.VSYS)
    current_5V                               0x20000108   Data           4  husb238.o(.bss.current_5V)
    husb238_reg_cache                        0x20000110   Data          10  husb238.o(.bss.husb238_reg_cache)
    pd_current                               0x2000011c   Data           4  husb238.o(.bss.pd_current)
    pd_voltage                               0x20000120   Data           1  husb238.o(.bss.pd_voltage)
    sc8886_reg_cache                         0x20000121   Data          60  sc8886.o(.bss.sc8886_reg_cache)
    __initial_sp                             0x20000560   Data           0  startup_stm32f030.o(STACK)



==============================================================================

Memory Map of the image

  Image Entry point : 0x080000b5

  Load Region LR_IROM1 (Base: 0x08000000, Size: 0x000023a8, Max: 0x00004000, ABSOLUTE)

    Execution Region ER_IROM1 (Exec base: 0x08000000, Load base: 0x08000000, Size: 0x000023a0, Max: 0x00004000, ABSOLUTE)

    Exec Addr    Load Addr    Size         Type   Attr      Idx    E Section Name        Object

    0x08000000   0x08000000   0x000000b4   Data   RO           26    RESET               startup_stm32f030.o
    0x080000b4   0x080000b4   0x00000000   Code   RO         1443  * .ARM.Collect$$$$00000000  mc_p.l(entry.o)
    0x080000b4   0x080000b4   0x00000004   Code   RO         1739    .ARM.Collect$$$$00000001  mc_p.l(entry2.o)
    0x080000b8   0x080000b8   0x00000004   Code   RO         1742    .ARM.Collect$$$$00000004  mc_p.l(entry5.o)
    0x080000bc   0x080000bc   0x00000000   Code   RO         1744    .ARM.Collect$$$$00000008  mc_p.l(entry7b.o)
    0x080000bc   0x080000bc   0x00000000   Code   RO         1746    .ARM.Collect$$$$0000000A  mc_p.l(entry8b.o)
    0x080000bc   0x080000bc   0x00000008   Code   RO         1747    .ARM.Collect$$$$0000000B  mc_p.l(entry9a.o)
    0x080000c4   0x080000c4   0x00000000   Code   RO         1749    .ARM.Collect$$$$0000000D  mc_p.l(entry10a.o)
    0x080000c4   0x080000c4   0x00000000   Code   RO         1751    .ARM.Collect$$$$0000000F  mc_p.l(entry11a.o)
    0x080000c4   0x080000c4   0x00000004   Code   RO         1740    .ARM.Collect$$$$00002712  mc_p.l(entry2.o)
    0x080000c8   0x080000c8   0x0000001c   Code   RO           27    .text               startup_stm32f030.o
    0x080000e4   0x080000e4   0x0000007a   Code   RO         1721    .text               mf_p.l(fmul.o)
    0x0800015e   0x0800015e   0x00000002   PAD
    0x08000160   0x08000160   0x00000164   Code   RO         1723    .text               mf_p.l(dadd.o)
    0x080002c4   0x080002c4   0x000000d0   Code   RO         1725    .text               mf_p.l(dmul.o)
    0x08000394   0x08000394   0x0000001c   Code   RO         1731    .text               mf_p.l(dfltui.o)
    0x080003b0   0x080003b0   0x00000032   Code   RO         1733    .text               mf_p.l(ffixi.o)
    0x080003e2   0x080003e2   0x00000028   Code   RO         1735    .text               mf_p.l(f2d.o)
    0x0800040a   0x0800040a   0x00000038   Code   RO         1737    .text               mf_p.l(d2f.o)
    0x08000442   0x08000442   0x0000003e   Code   RO         1758    .text               mc_p.l(uidiv_div0.o)
    0x08000480   0x08000480   0x00000060   Code   RO         1764    .text               mc_p.l(uldiv.o)
    0x080004e0   0x080004e0   0x00000020   Code   RO         1766    .text               mc_p.l(llshl.o)
    0x08000500   0x08000500   0x00000026   Code   RO         1768    .text               mc_p.l(llsshr.o)
    0x08000526   0x08000526   0x00000000   Code   RO         1770    .text               mc_p.l(iusefp.o)
    0x08000526   0x08000526   0x00000082   Code   RO         1771    .text               mf_p.l(fepilogue.o)
    0x080005a8   0x080005a8   0x000000be   Code   RO         1773    .text               mf_p.l(depilogue.o)
    0x08000666   0x08000666   0x00000002   PAD
    0x08000668   0x08000668   0x000000f0   Code   RO         1777    .text               mf_p.l(ddiv.o)
    0x08000758   0x08000758   0x00000040   Code   RO         1779    .text               mf_p.l(dfixul.o)
    0x08000798   0x08000798   0x00000028   Code   RO         1781    .text               mf_p.l(cdrcmple.o)
    0x080007c0   0x080007c0   0x00000030   Code   RO         1783    .text               mc_p.l(init.o)
    0x080007f0   0x080007f0   0x00000022   Code   RO         1785    .text               mc_p.l(llushr.o)
    0x08000812   0x08000812   0x00000002   PAD
    0x08000814   0x08000814   0x000000cc   Code   RO           15    .text.EXTI0_1_IRQHandler  isr.o
    0x080008e0   0x080008e0   0x00000064   Code   RO           11    .text.EXTI4_15_IRQHandler  isr.o
    0x08000944   0x08000944   0x00000008   Code   RO          529    .text.EXTI_ClearITPendingBit  stm32f0xx_exti.o
    0x0800094c   0x0800094c   0x00000010   Code   RO          527    .text.EXTI_GetITStatus  stm32f0xx_exti.o
    0x0800095c   0x0800095c   0x00000060   Code   RO          517    .text.EXTI_Init     stm32f0xx_exti.o
    0x080009bc   0x080009bc   0x00000074   Code   RO          611    .text.GPIO_Init     stm32f0xx_gpio.o
    0x08000a30   0x08000a30   0x00000020   Code   RO          633    .text.GPIO_PinAFConfig  stm32f0xx_gpio.o
    0x08000a50   0x08000a50   0x0000000c   Code   RO          629    .text.GPIO_WriteBit  stm32f0xx_gpio.o
    0x08000a5c   0x08000a5c   0x00000074   Code   RO           58    .text.I2C1_Init     i2c.o
    0x08000ad0   0x08000ad0   0x00000010   Code   RO          650    .text.I2C_Cmd       stm32f0xx_i2c.o
    0x08000ae0   0x08000ae0   0x0000000a   Code   RO          720    .text.I2C_GetFlagStatus  stm32f0xx_i2c.o
    0x08000aea   0x08000aea   0x00000002   PAD
    0x08000aec   0x08000aec   0x00000060   Code   RO          646    .text.I2C_Init      stm32f0xx_i2c.o
    0x08000b4c   0x08000b4c   0x000000e4   Code   RO           60    .text.I2C_Read      i2c.o
    0x08000c30   0x08000c30   0x00000006   Code   RO          716    .text.I2C_ReceiveData  stm32f0xx_i2c.o
    0x08000c36   0x08000c36   0x00000004   Code   RO          714    .text.I2C_SendData  stm32f0xx_i2c.o
    0x08000c3a   0x08000c3a   0x00000002   PAD
    0x08000c3c   0x08000c3c   0x00000024   Code   RO          692    .text.I2C_TransferHandling  stm32f0xx_i2c.o
    0x08000c60   0x08000c60   0x000000e8   Code   RO           62    .text.I2C_Write     i2c.o
    0x08000d48   0x08000d48   0x00000038   Code   RO           34    .text.LED_Init      led.o
    0x08000d80   0x08000d80   0x00000050   Code   RO          758    .text.NVIC_Init     stm32f0xx_misc.o
    0x08000dd0   0x08000dd0   0x0000001c   Code   RO          862    .text.RCC_AHBPeriphClockCmd  stm32f0xx_rcc.o
    0x08000dec   0x08000dec   0x0000001c   Code   RO          866    .text.RCC_APB1PeriphClockCmd  stm32f0xx_rcc.o
    0x08000e08   0x08000e08   0x0000001c   Code   RO          864    .text.RCC_APB2PeriphClockCmd  stm32f0xx_rcc.o
    0x08000e24   0x08000e24   0x00000160   Code   RO          854    .text.RCC_GetClocksFreq  stm32f0xx_rcc.o
    0x08000f84   0x08000f84   0x00000024   Code   RO         1081    .text.SYSCFG_EXTILineConfig  stm32f0xx_syscfg.o
    0x08000fa8   0x08000fa8   0x00000138   Code   RO         1430    .text.SystemInit    system_stm32f0xx.o
    0x080010e0   0x080010e0   0x0000005c   Code   RO           13    .text.TIM1_BRK_UP_TRG_COM_IRQHandler  isr.o
    0x0800113c   0x0800113c   0x00000054   Code   RO           72    .text.TIM1_Init     tim.o
    0x08001190   0x08001190   0x00000006   Code   RO         1243    .text.TIM_ClearITPendingBit  stm32f0xx_tim.o
    0x08001196   0x08001196   0x00000010   Code   RO         1127    .text.TIM_Cmd       stm32f0xx_tim.o
    0x080011a6   0x080011a6   0x00000014   Code   RO         1241    .text.TIM_GetITStatus  stm32f0xx_tim.o
    0x080011ba   0x080011ba   0x00000014   Code   RO         1233    .text.TIM_ITConfig  stm32f0xx_tim.o
    0x080011ce   0x080011ce   0x00000002   PAD
    0x080011d0   0x080011d0   0x00000070   Code   RO         1101    .text.TIM_TimeBaseInit  stm32f0xx_tim.o
    0x08001240   0x08001240   0x00000084   Code   RO           42    .text.UART1_Init    uart.o
    0x080012c4   0x080012c4   0x00000060   Code   RO           46    .text.USART1_IRQHandler  uart.o
    0x08001324   0x08001324   0x00000010   Code   RO         1295    .text.USART_Cmd     stm32f0xx_usart.o
    0x08001334   0x08001334   0x0000002e   Code   RO         1369    .text.USART_ITConfig  stm32f0xx_usart.o
    0x08001362   0x08001362   0x00000002   PAD
    0x08001364   0x08001364   0x000000b4   Code   RO         1287    .text.USART_Init    stm32f0xx_usart.o
    0x08001418   0x08001418   0x00000024   Code   RO         1415    .text.delay_init    delay.o
    0x0800143c   0x0800143c   0x0000003c   Code   RO         1419    .text.delay_ms      delay.o
    0x08001478   0x08001478   0x00000014   Code   RO           44    .text.fputc         uart.o
    0x0800148c   0x0800148c   0x00000068   Code   RO           82    .text.husb238_analysis  husb238.o
    0x080014f4   0x080014f4   0x00000034   Code   RO           80    .text.husb238_read_all_reg  husb238.o
    0x08001528   0x08001528   0x00000054   Code   RO           84    .text.husb238_require_highest_voltage  husb238.o
    0x0800157c   0x0800157c   0x00000058   Code   RO          145    .text.key_init      key.o
    0x080015d4   0x080015d4   0x00000064   Code   RO            2    .text.main          main.o
    0x08001638   0x08001638   0x00000124   Code   RO          119    .text.sc8886_adc_read  sc8886.o
    0x0800175c   0x0800175c   0x000000b0   Code   RO          127    .text.sc8886_init   sc8886.o
    0x0800180c   0x0800180c   0x00000024   Code   RO          125    .text.sc8886_set_iin  sc8886.o
    0x08001830   0x08001830   0x0000013c   Code   RO           86    .text.show_adapter_info  husb238.o
    0x0800196c   0x0800196c   0x00000020   Code   RO         1693    i.__0printf         mc_p.l(printfa.o)
    0x0800198c   0x0800198c   0x0000002e   Code   RO         1775    i.__ARM_clz         mf_p.l(depilogue.o)
    0x080019ba   0x080019ba   0x0000000e   Code   RO         1789    i.__scatterload_copy  mc_p.l(handlers.o)
    0x080019c8   0x080019c8   0x00000002   Code   RO         1790    i.__scatterload_null  mc_p.l(handlers.o)
    0x080019ca   0x080019ca   0x0000000e   Code   RO         1791    i.__scatterload_zeroinit  mc_p.l(handlers.o)
    0x080019d8   0x080019d8   0x00000174   Code   RO         1700    i._fp_digits        mc_p.l(printfa.o)
    0x08001b4c   0x08001b4c   0x000006ec   Code   RO         1701    i._printf_core      mc_p.l(printfa.o)
    0x08002238   0x08002238   0x00000020   Code   RO         1702    i._printf_post_padding  mc_p.l(printfa.o)
    0x08002258   0x08002258   0x0000002c   Code   RO         1703    i._printf_pre_padding  mc_p.l(printfa.o)
    0x08002284   0x08002284   0x00000020   Code   RO         1446    i.puts              mc_p.l(puts.o)
    0x080022a4   0x080022a4   0x00000010   Data   RO         1435    .rodata.AHBPrescTable  system_stm32f0xx.o
    0x080022b4   0x080022b4   0x00000010   Data   RO          882    .rodata.APBAHBPrescTable  stm32f0xx_rcc.o
    0x080022c4   0x080022c4   0x00000040   Data   RO           92    .rodata.current_values  husb238.o
    0x08002304   0x08002304   0x00000010   Data   RO           93    .rodata.current_values_5V  husb238.o
    0x08002314   0x08002314   0x00000007   Data   RO           96    .rodata.pdo_select_value  husb238.o
    0x0800231b   0x0800231b   0x00000048   Data   RO           17    .rodata.str1.1      isr.o
    0x08002363   0x08002363   0x00000016   Data   RO           98    .rodata.str1.1      husb238.o
    0x08002379   0x08002379   0x00000007   Data   RO           91    .rodata.voltage_values  husb238.o
    0x08002380   0x08002380   0x00000020   Data   RO         1788    Region$$Table       anon$$obj.o


    Execution Region RW_IRAM1 (Exec base: 0x20000000, Load base: 0x080023a0, Size: 0x00000560, Max: 0x00001000, ABSOLUTE)

    Exec Addr    Load Addr    Size         Type   Attr      Idx    E Section Name        Object

    0x20000000   0x080023a0   0x00000004   Data   RW         1753    .data               mc_p.l(stdout.o)
    0x20000004   0x080023a4   0x00000004   Data   RW         1434    .data.SystemCoreClock  system_stm32f0xx.o
    0x20000008        -       0x00000004   Zero   RW          133    .bss.CMP_IN         sc8886.o
    0x2000000c        -       0x00000004   Zero   RW          135    .bss.ICHG           sc8886.o
    0x20000010        -       0x00000004   Zero   RW          136    .bss.IDCHG          sc8886.o
    0x20000014        -       0x00000004   Zero   RW          134    .bss.IIN            sc8886.o
    0x20000018        -       0x00000018   Zero   RW           95    .bss.PD_Cur_Capability  husb238.o
    0x20000030        -       0x00000001   Zero   RW           94    .bss.PD_Vol_Capability  husb238.o
    0x20000031        -       0x000000c8   Zero   RW           49    .bss.USART_RX_BUF   uart.o
    0x200000f9   0x080023a8   0x00000001   PAD
    0x200000fa        -       0x00000002   Zero   RW           48    .bss.USART_RX_STA   uart.o
    0x200000fc        -       0x00000004   Zero   RW          132    .bss.VBAT           sc8886.o
    0x20000100        -       0x00000004   Zero   RW          130    .bss.VBUS           sc8886.o
    0x20000104        -       0x00000004   Zero   RW          131    .bss.VSYS           sc8886.o
    0x20000108        -       0x00000004   Zero   RW           90    .bss.current_5V     husb238.o
    0x2000010c        -       0x00000004   Zero   RW         1421    .bss.g_fac_us       delay.o
    0x20000110        -       0x0000000a   Zero   RW           97    .bss.husb238_reg_cache  husb238.o
    0x2000011a   0x080023a8   0x00000002   PAD
    0x2000011c        -       0x00000004   Zero   RW           89    .bss.pd_current     husb238.o
    0x20000120        -       0x00000001   Zero   RW           88    .bss.pd_voltage     husb238.o
    0x20000121        -       0x0000003c   Zero   RW          129    .bss.sc8886_reg_cache  sc8886.o
    0x2000015d   0x080023a8   0x00000003   PAD
    0x20000160        -       0x00000400   Zero   RW           24    STACK               startup_stm32f030.o


==============================================================================

Image component sizes


      Code (inc. data)   RO Data    RW Data    ZI Data      Debug   Object Name

        96         16          0          0          4       1936   delay.o
       556        244        116          0         44       2526   husb238.o
       576         12          0          0          0       4186   i2c.o
       396         84         72          0          0       2194   isr.o
        88          4          0          0          0       2993   key.o
        56          0          0          0          0       1783   led.o
       100         32          0          0          0        464   main.o
       504         76          0          0         88       5171   sc8886.o
        28          8        180          0       1024        580   startup_stm32f030.o
       120          8          0          0          0       2734   stm32f0xx_exti.o
       160          0          0          0          0       4575   stm32f0xx_gpio.o
       168         16          0          0          0      10155   stm32f0xx_i2c.o
        80         12          0          0          0       2378   stm32f0xx_misc.o
       436         28         16          0          0      10867   stm32f0xx_rcc.o
        36          4          0          0          0       2980   stm32f0xx_syscfg.o
       174         16          0          0          0      27951   stm32f0xx_tim.o
       242         20          0          0          0      12096   stm32f0xx_usart.o
       312         32         16          4          0       2641   system_stm32f0xx.o
        84          8          0          0          0       2594   tim.o
       248         24          0          0        202       4065   uart.o

    ----------------------------------------------------------------------
      4468        644        432          4       1368     104869   Object Totals
         0          0         32          0          0          0   (incl. Generated)
         8          0          0          0          6          0   (incl. Padding)

    ----------------------------------------------------------------------

      Code (inc. data)   RO Data    RW Data    ZI Data      Debug   Library Member Name

         0          0          0          0          0          0   entry.o
         0          0          0          0          0          0   entry10a.o
         0          0          0          0          0          0   entry11a.o
         8          4          0          0          0          0   entry2.o
         4          0          0          0          0          0   entry5.o
         0          0          0          0          0          0   entry7b.o
         0          0          0          0          0          0   entry8b.o
         8          4          0          0          0          0   entry9a.o
        30          0          0          0          0          0   handlers.o
        48         10          0          0          0         68   init.o
         0          0          0          0          0          0   iusefp.o
        32          0          0          0          0         68   llshl.o
        38          0          0          0          0         68   llsshr.o
        34          0          0          0          0         68   llushr.o
      2252         98          0          0          0        412   printfa.o
        32          4          0          0          0         68   puts.o
         0          0          0          4          0          0   stdout.o
        62          0          0          0          0         72   uidiv_div0.o
        96          0          0          0          0         84   uldiv.o
        40          2          0          0          0         68   cdrcmple.o
        56          0          0          0          0         68   d2f.o
       356          4          0          0          0        140   dadd.o
       240          6          0          0          0         84   ddiv.o
       236          0          0          0          0        216   depilogue.o
        64         10          0          0          0         68   dfixul.o
        28          4          0          0          0         68   dfltui.o
       208          6          0          0          0         88   dmul.o
        40          0          0          0          0         60   f2d.o
       130          0          0          0          0        144   fepilogue.o
        50          0          0          0          0         60   ffixi.o
       122          0          0          0          0         72   fmul.o

    ----------------------------------------------------------------------
      4220        152          0          4          0       2044   Library Totals
         6          0          0          0          0          0   (incl. Padding)

    ----------------------------------------------------------------------

      Code (inc. data)   RO Data    RW Data    ZI Data      Debug   Library Name

      2644        120          0          4          0        908   mc_p.l
      1570         32          0          0          0       1136   mf_p.l

    ----------------------------------------------------------------------
      4220        152          0          4          0       2044   Library Totals

    ----------------------------------------------------------------------

==============================================================================


      Code (inc. data)   RO Data    RW Data    ZI Data      Debug   

      8688        796        432          8       1368     105685   Grand Totals
      8688        796        432          8       1368     105685   ELF Image Totals
      8688        796        432          8          0          0   ROM Totals

==============================================================================

    Total RO  Size (Code + RO Data)                 9120 (   8.91kB)
    Total RW  Size (RW Data + ZI Data)              1376 (   1.34kB)
    Total ROM Size (Code + RO Data + RW Data)       9128 (   8.91kB)

==============================================================================

